Collecting scikit-learn==1.9.1
  Downloading scikit_learn-1.9.1-cp312-cp312-macosx_12_0_arm64.whl.metadata (9.3 kB)
Requirement already satisfied: numpy>=1.24.1 in ./.venv/lib/python3.12/site-packages (from scikit-learn==1.9.1) (2.3.5)
Requirement already satisfied: scipy>=1.10.0 in ./.venv/lib/python3.12/site-packages (from scikit-learn==1.9.1) (1.18.1)
Collecting joblib>=1.4.0 (from scikit-learn==1.9.1)
  Downloading joblib-1.6.0-py3-none-any.whl.metadata (6.5 kB)
Collecting narwhals>=2.0.1 (from scikit-learn==1.9.1)
  Downloading narwhals-2.26.0-py3-none-any.whl.metadata (15 kB)
Collecting threadpoolctl>=3.5.0 (from scikit-learn==1.9.1)
  Downloading threadpoolctl-3.7.0-py3-none-any.whl.metadata (24 kB)
Collecting cloudpickle>=3.0 (from joblib>=1.4.0->scikit-learn==1.9.1)
  Downloading cloudpickle-3.1.2-py3-none-any.whl.metadata (7.1 kB)
Downloading scikit_learn-1.9.1-cp312-cp312-macosx_12_0_arm64.whl (8.3 MB)
   ━━━━━━━━━━━━━━━━━━━━━━━━━━━━━━━━━━━━━━━━ 8.3/8.3 MB 4.8 MB/s eta 0:00:00
Downloading joblib-1.6.0-py3-none-any.whl (306 kB)
Downloading narwhals-2.26.0-py3-none-any.whl (474 kB)
Downloading threadpoolctl-3.7.0-py3-none-any.whl (26 kB)
Downloading cloudpickle-3.1.2-py3-none-any.whl (22 kB)
Installing collected packages: threadpoolctl, narwhals, cloudpickle, joblib, scikit-learn
Successfully installed cloudpickle-3.1.2 joblib-1.6.0 narwhals-2.26.0 scikit-learn-1.9.1 threadpoolctl-3.7.0

[notice] A new release of pip is available: 25.0.1 -> 26.2.1
[notice] To update, run: /Users/mertalituncer/Developer/lab/.venv/bin/python -m pip install --upgrade pip
