[1/193] PASS V2P001_SAVA/test_sava.py
[2/193] PASS V2P002_MFQA/test_mfqa.py
[3/193] PASS V2P003_MFPD/test_mfpd.py
[4/193] PASS V2P004_OPIA/test_opia.py
[5/193] PASS V2P005_EDSANP/test_edsanp.py
[6/193] PASS V2P006_IDASRO/test_idasro.py
[7/193] PASS V2P007_CPDBE/test_cpdbe.py
[8/193] PASS V2P008_TGCARS/test_tgcars.py
[9/193] PASS V2P009_SGMB/test_sgmb.py
[10/193] PASS V2P010_SCSPIA/test_scspia.py
[11/193] PASS V2P011_BIVCP/test_bivcp.py
[12/193] PASS V2P012_SARCP/test_sarcp.py
[13/193] PASS V2P013_CADRE/test_cadre.py
[14/193] PASS V2P014_BATS/test_bats.py
[15/193] PASS V2P015_BGTW/test_bgtw.py
[16/193] PASS V2P016_BVRP/test_bvrp.py
[17/193] PASS V2P017_CCDRE/test_ccdre.py
[18/193] PASS V2P018_WTDRE/test_wtdre.py
[19/193] PASS V2P019_STHA/test_stha.py
[20/193] PASS V2P020_PADRE/test_padre.py
[21/193] PASS V2P021_BMDRE/test_bmdre.py
[22/193] PASS V2P022_CFDRE/test_cfdre.py
[23/193] PASS V2P023_CODRE/test_codre.py
[24/193] PASS V2P024_HPDRE/test_hpdre.py
[25/193] PASS V2P025_DRFIAC/test_drfiac.py
[26/193] PASS V2P026_DRSVCO/test_drsvco.py
[27/193] PASS V2P027_DRMPHA/test_drmpha.py
[28/193] PASS V2P028_SCFIAC/test_scfiac.py
[29/193] PASS V2P029_SUSCA/test_susca.py
[30/193] PASS V2P030_PCFDLW/test_pcfdlw.py
[31/193] PASS V2P031_QDRA/test_qdra.py
[32/193] PASS V2P032_SPITWMR/test_spitwmr.py
[33/193] PASS V2P033_VCMF/test_vcmf.py
[34/193] PASS V2P034_SCOPG/test_scopg.py
[35/193] PASS V2P035_ISTAICC/test_istaicc.py
[36/193] PASS V2P036_PCFMCSC/test_pcfmcsc.py
[37/193] PASS V2P037_DWPCFT/test_dwpcft.py
[38/193] PASS V2P038_BOSARO/test_bosaro.py
[39/193] PASS V2P039_SCCATF/test_sccatf.py
[40/193] PASS V2P040_BMCAPL/test_bmcapl.py
[41/193] PASS V2P041_CDTDLEW/test_cdtdlew.py
[42/193] PASS V2P042_ATSCWC/test_atscwc.py
[43/193] PASS V2P043_CBSCG/test_cbscg.py
[44/193] PASS V2P044_PIPEG/test_pipeg.py
[45/193] PASS V2P045_FPTWC/test_fptwc.py
[46/193] PASS V2P046_MTCWC/test_mtcwc.py
[47/193] PASS V2P048_CBIACCVC/test_cbiaccvc.py
[48/193] PASS P001_DREW/test_drew.py
[49/193] PASS P002_DCPS/test_dcps.py
[50/193] PASS P003_SANP/test_sanp.py
[51/193] PASS P004_BAMI/test_bami.py
[52/193] PASS P005_CARF/test_carf.py
[53/193] PASS P006_VPRL/test_vprl.py
[54/193] PASS P007_VCPA/test_vcpa.py
[55/193] PASS P008_CCTD/test_cctd.py
[56/193] FAIL P009_URAI/test_urai.py
[57/193] FAIL P010_DPHO/test_dpho.py
[58/193] FAIL P011_IDLG/test_idlg.py
[59/193] PASS P012_PQDR/test_pqdr.py
[60/193] PASS P013_CFDR/test_cfdr.py
[61/193] PASS P014_DARI/test_dari.py
[62/193] PASS P015_CPDR/test_cpdr.py
[63/193] PASS P016_CATR/test_catr.py
[64/193] PASS P017_RECS/test_recs.py
[65/193] PASS P018_DPCG/test_dpcg.py
[66/193] PASS P019_DATC/test_datc.py
[67/193] FAIL P020_REDT/test_redt.py
[68/193] FAIL P021_MRIA/test_mria.py
[69/193] FAIL P022_AFHA/test_afha.py
[70/193] FAIL P023_COST/test_cost.py
[71/193] FAIL P024_TFRD/test_tfrd.py
[72/193] PASS P025_IDRE/test_idre.py
[73/193] PASS P026_DBTE/test_dbte.py
[74/193] PASS P027_IDAC/test_idac.py
[75/193] PASS P028_REIS/test_reis.py
[76/193] PASS P029_RATR/test_ratr.py
[77/193] PASS P030_FPTE/test_fpte.py
[78/193] FAIL P031_EVLT/test_evlt.py
[79/193] FAIL P032_SGOT/test_sgot.py
[80/193] FAIL P033_CATF/test_catf.py
[81/193] FAIL P034_UGIM/test_ugim.py
[82/193] FAIL P035_SVCO/test_svco.py
[83/193] FAIL P036_MAWT/test_mawt.py
[84/193] FAIL P037_MCST/test_mcst.py
[85/193] FAIL P038_LIDA/test_lida.py
[86/193] FAIL P039_CACF/test_cacf.py
[87/193] FAIL P040_BAPC/test_bapc.py
[88/193] FAIL P041_DDER/test_dder.py
[89/193] FAIL P042_HPMD/test_hpmd.py
[90/193] FAIL P043_DABR/test_dabr.py
[91/193] FAIL P044_MFTS/test_mfts.py
[92/193] FAIL P045_BDTS/test_bdts.py
[93/193] FAIL P046_DTRC/test_dtrc.py
[94/193] FAIL P047_RALA/test_rala.py
[95/193] FAIL P048_SARA/test_sara.py
[96/193] FAIL P049_OGRM/test_ogrm.py
[97/193] FAIL P050_CPWT/test_cpwt.py
[98/193] FAIL P051_ICHA/test_icha.py
[99/193] FAIL P052_VCTS/test_vcts.py
[100/193] FAIL P053_GWDA/test_gwda.py
[101/193] FAIL P054_MCSA/test_mcsa.py
[102/193] FAIL P055_SLHA/test_slha.py
[103/193] FAIL P056_CFTS/test_cfts.py
[104/193] FAIL P057_FIAC/test_fiac.py
[105/193] FAIL P058_VLRB/test_vlrb.py
[106/193] FAIL P059_SBTE/test_sbte.py
[107/193] FAIL P060_PFVT/test_pfvt.py
[108/193] FAIL P061_RSGF/test_rsgf.py
[109/193] FAIL P062_WDTG/test_wdtg.py
[110/193] FAIL P063_RBTE/test_rbte.py
[111/193] FAIL P064_DSGD/test_dsgd.py
[112/193] FAIL P065_SWTE/test_swte.py
[113/193] FAIL P066_PDRE/test_pdre.py
[114/193] FAIL P067_DARA/test_dara.py
[115/193] FAIL P068_RECT/test_rect.py
[116/193] FAIL P069_PSHA/test_psha.py
[117/193] FAIL P070_UTIA/test_utia.py
[118/193] FAIL P071_HPDT/test_hpdt.py
[119/193] FAIL P072_RMHA/test_rmha.py
[120/193] FAIL P073_FCDL/test_fcdl.py
[121/193] FAIL P074_PBIA/test_pbia.py
[122/193] FAIL P075_DLAG/test_dlag.py
[123/193] FAIL P076_MCFS/test_mcfs.py
[124/193] FAIL P077_DGMC/test_dgmc.py
[125/193] FAIL P078_IARA/test_iara.py
[126/193] FAIL P079_CBIA/test_cbia.py
[127/193] FAIL P080_RAMR/test_ramr.py
[128/193] FAIL P081_AHSA/test_ahsa.py
[129/193] FAIL P082_CDTS/test_cdts.py
[130/193] FAIL P083_HEAG/test_heag.py
[131/193] FAIL P084_CAVT/test_cavt.py
[132/193] FAIL P085_HPCT/test_hpct.py
[133/193] FAIL P086_FPSD/test_fpsd.py
[134/193] FAIL P087_EVTS/test_evts.py
[135/193] FAIL P088_LFTS/test_lfts.py
[136/193] FAIL P089_OCTS/test_octs.py
[137/193] FAIL P090_SWDL/test_swdl.py
[138/193] FAIL P091_DCBT/test_dcbt.py
[139/193] FAIL P092_PDAT/test_pdat.py
[140/193] FAIL P093_BMDT/test_bmdt.py
[141/193] FAIL P094_OCGS/test_ocgs.py
[142/193] FAIL P095_GSSA/test_gssa.py
[143/193] FAIL P096_TRIA/test_tria.py
[144/193] FAIL P097_BDSD/test_bdsd.py
[145/193] FAIL P098_SAHA/test_saha.py
[146/193] FAIL P099_CAPA/test_capa.py
[147/193] FAIL P100_WICA/test_wica.py
[148/193] FAIL P101_PRSW/test_prsw.py
[149/193] FAIL P102_LLFD/test_llfd.py
[150/193] FAIL P103_CFAI/test_cfai.py
[151/193] FAIL P104_SGPR/test_sgpr.py
[152/193] FAIL P105_PRAS/test_pras.py
[153/193] FAIL P106_RCHA/test_rcha.py
[154/193] FAIL P107_LDLA/test_ldla.py
[155/193] FAIL P108_OSTS/test_osts.py
[156/193] FAIL P109_CCIA/test_ccia.py
[157/193] FAIL P110_MBTS/test_mbts.py
[158/193] FAIL P111_LVAI/test_lvai.py
[159/193] FAIL P112_RTTS/test_rtts.py
[160/193] FAIL P113_QDLA/test_qdla.py
[161/193] FAIL P114_HPAC/test_hpac.py
[162/193] FAIL P115_PAAC/test_paac.py
[163/193] FAIL P116_FCAC/test_fcac.py
[164/193] FAIL P117_MFAC/test_mfac.py
[165/193] FAIL P118_MRAC/test_mrac.py
[166/193] FAIL P119_RAPT/test_rapt.py
[167/193] FAIL P120_PCAR/test_pcar.py
[168/193] FAIL P121_MSGD/test_msgd.py
[169/193] FAIL P122_CAGD/test_cagd.py
[170/193] FAIL P123_SCGD/test_scgd.py
[171/193] FAIL P124_HCGD/test_hcgd.py
[172/193] FAIL P125_MIGD/test_migd.py
[173/193] FAIL P126_TRGD/test_trgd.py
[174/193] FAIL P127_HPSG/test_hpsg.py
[175/193] FAIL P128_PPGD/test_ppgd.py
[176/193] FAIL P129_LIGD/test_ligd.py
[177/193] FAIL P130_CRGD/test_crgd.py
[178/193] FAIL P131_OCMA/test_ocma.py
[179/193] FAIL P132_CARA/test_cara.py
[180/193] FAIL P133_TRRA/test_trra.py
[181/193] FAIL P134_REIG/test_reig.py
[182/193] PASS P134_REIG/test_reig_unittest.py
[183/193] FAIL P135_CARS/test_cars.py
[184/193] FAIL P136_QAIG/test_qaig.py
[185/193] FAIL P137_MPHA/test_mpha.py
[186/193] FAIL P138_SPIA/test_spia.py
[187/193] FAIL P139_PAOS/test_paos.py
[188/193] FAIL P140_BOSA/test_bosa.py
[189/193] FAIL P141_PCFT/test_pcft.py
[190/193] FAIL P142_BMSA/test_bmsa.py
[191/193] FAIL P143_DLIC/test_dlic.py
[192/193] FAIL P144_DPAI/test_dpai.py
[193/193] FAIL P145_RTHA/test_rtha.py
{
  "release": "R388",
  "test_files": 193,
  "passed": 70,
  "failed": 123,
  "timed_out": 0,
  "elapsed_seconds": 500.695
}
