test_curated_evlt_route_is_in_queue (test_core_v2_foundry_integration.FoundryIntegrationTests.test_curated_evlt_route_is_in_queue) ... ok
test_edsanp_edge_is_now_fixed_pilot_ready (test_core_v2_foundry_integration.FoundryIntegrationTests.test_edsanp_edge_is_now_fixed_pilot_ready) ... ok
test_foundry_evidence_tiers_remain_distinct (test_core_v2_foundry_integration.FoundryIntegrationTests.test_foundry_evidence_tiers_remain_distinct) ... ok
test_mfqa_routes_by_decision_value_and_correlation (test_core_v2_foundry_integration.FoundryIntegrationTests.test_mfqa_routes_by_decision_value_and_correlation) ... ok
test_r10_k068_p025_is_fixed_pilot_ready_v2p006 (test_core_v2_foundry_integration.FoundryIntegrationTests.test_r10_k068_p025_is_fixed_pilot_ready_v2p006) ... ok
test_r10_k089_edges_are_rejected_without_global_component_death (test_core_v2_foundry_integration.FoundryIntegrationTests.test_r10_k089_edges_are_rejected_without_global_component_death) ... ok
test_r11_k009_p026_is_fixed_pilot_ready_v2p007 (test_core_v2_foundry_integration.FoundryIntegrationTests.test_r11_k009_p026_is_fixed_pilot_ready_v2p007) ... ok
test_r11_k087_p002_is_rejected_without_component_death (test_core_v2_foundry_integration.FoundryIntegrationTests.test_r11_k087_p002_is_rejected_without_component_death) ... ok
test_r388_full_candidate_universe_is_persisted_beyond_top1000_priority_window (test_core_v2_foundry_integration.FoundryIntegrationTests.test_r388_full_candidate_universe_is_persisted_beyond_top1000_priority_window) ... ok
test_r388_interaction_map_represents_full_active_candidate_universe (test_core_v2_foundry_integration.FoundryIntegrationTests.test_r388_interaction_map_represents_full_active_candidate_universe) ... ok
test_r388_operational_queue_pins_every_completed_suite (test_core_v2_foundry_integration.FoundryIntegrationTests.test_r388_operational_queue_pins_every_completed_suite) ... ok
test_r388_parent_completeness_audit_accounts_for_all_previously_hidden_rankable_pairs (test_core_v2_foundry_integration.FoundryIntegrationTests.test_r388_parent_completeness_audit_accounts_for_all_previously_hidden_rankable_pairs) ... ok
test_r388_parent_provenance_bucket_does_not_hide_parent_to_parent_edges (test_core_v2_foundry_integration.FoundryIntegrationTests.test_r388_parent_provenance_bucket_does_not_hide_parent_to_parent_edges) ... ok
test_rejected_k058_p143_edge_is_preserved_in_adjudication_not_active_queue (test_core_v2_foundry_integration.FoundryIntegrationTests.test_rejected_k058_p143_edge_is_preserved_in_adjudication_not_active_queue) ... ok
test_sava_removes_shared_capacity_double_count (test_core_v2_foundry_integration.FoundryIntegrationTests.test_sava_removes_shared_capacity_double_count) ... ok
test_unified_registry_has_all_three_families (test_core_v2_foundry_integration.FoundryIntegrationTests.test_unified_registry_has_all_three_families) ... ok
test_packet_auto_uses_canonical_telemetry_for_exact_bootstrap_shell (test_r12_closure.AutoTelemetryRoutingTests.test_packet_auto_uses_canonical_telemetry_for_exact_bootstrap_shell) ... ok
test_current_memory_does_not_fake_empirical_learning (test_r12_closure.CampaignMemoryTests.test_current_memory_does_not_fake_empirical_learning) ... ok
test_only_explicit_empirical_events_can_become_relevance_feedback (test_r12_closure.CampaignMemoryTests.test_only_explicit_empirical_events_can_become_relevance_feedback) ... ok
test_protected_validation_cannot_be_marked_learning_eligible (test_r12_closure.CampaignMemoryTests.test_protected_validation_cannot_be_marked_learning_eligible) ... ok
test_completed_edge_carries_product_and_telemetry (test_r12_closure.InteractionMapTests.test_completed_edge_carries_product_and_telemetry) ... ok
test_completed_rejected_and_hypothesis_are_distinct (test_r12_closure.InteractionMapTests.test_completed_rejected_and_hypothesis_are_distinct) ... ok
test_inferred_candidates_do_not_enter_search_adjacency (test_r12_closure.InteractionMapTests.test_inferred_candidates_do_not_enter_search_adjacency) ... ok
test_interaction_map_covers_every_search_node_without_inventing_edges (test_r12_closure.InteractionMapTests.test_interaction_map_covers_every_search_node_without_inventing_edges) ... ok
test_parent_provenance_products_are_all_mapped (test_r12_closure.InteractionMapTests.test_parent_provenance_products_are_all_mapped) ... ok
test_rejected_edges_are_inactive_but_preserved (test_r12_closure.InteractionMapTests.test_rejected_edges_are_inactive_but_preserved) ... ok
test_packet_carries_map_and_telemetry_fingerprints (test_r12_closure.SearchTraceTests.test_packet_carries_map_and_telemetry_fingerprints) ... ok
test_corpus_primitive_text_is_simple_and_provenance_is_separate (test_r12_closure.SimpleLexiconTests.test_corpus_primitive_text_is_simple_and_provenance_is_separate) ... ok
test_identity_ignores_domain_and_source_label (test_r12_closure.SimpleLexiconTests.test_identity_ignores_domain_and_source_label) ... ok
test_all_completed_suites_are_calibrated (test_r12_closure.TelemetryClosureTests.test_all_completed_suites_are_calibrated) ... ok
test_all_current_bootstrap_events_match_current_suites (test_r12_closure.TelemetryClosureTests.test_all_current_bootstrap_events_match_current_suites) ... ok
test_queue_is_hydrated_from_canonical_telemetry (test_r12_closure.TelemetryClosureTests.test_queue_is_hydrated_from_canonical_telemetry) ... ok
test_canonical_runtime_event_survives_registry_refresh (test_r12_closure.TelemetryPersistenceTests.test_canonical_runtime_event_survives_registry_refresh) ... ok
test_control_plane_closes_over_all_47_executable_suites (test_r387_product_overlay_closure.R387ProductOverlayClosureTests.test_control_plane_closes_over_all_47_executable_suites) ... ok
test_mechanics_telemetry_is_not_empirical_learning (test_r387_product_overlay_closure.R387ProductOverlayClosureTests.test_mechanics_telemetry_is_not_empirical_learning) ... ok
test_overlay_accounting_matches_physical_suites (test_r387_product_overlay_closure.R387ProductOverlayClosureTests.test_overlay_accounting_matches_physical_suites) ... ok
test_promoted_and_quarantined_ids_are_disjoint_and_complete (test_r387_product_overlay_closure.R387ProductOverlayClosureTests.test_promoted_and_quarantined_ids_are_disjoint_and_complete) ... ok
test_quality_family_accounting_is_distinct_from_suite_count (test_r387_product_overlay_closure.R387ProductOverlayClosureTests.test_quality_family_accounting_is_distinct_from_suite_count) ... ok
test_registry_authority_is_not_inflated (test_r387_product_overlay_closure.R387ProductOverlayClosureTests.test_registry_authority_is_not_inflated) ... ok
test_state_keeps_base_and_overlay_authority_layers_separate (test_r387_product_overlay_closure.R387ProductOverlayClosureTests.test_state_keeps_base_and_overlay_authority_layers_separate) ... ok

----------------------------------------------------------------------
Ran 40 tests in 7.295s

OK
