test_current_control_plane_contains_the_r387_suite_set (test_r387_product_overlay_closure.R387ProductOverlayClosureTests.test_current_control_plane_contains_the_r387_suite_set) ... ok
test_mechanics_telemetry_is_not_empirical_learning (test_r387_product_overlay_closure.R387ProductOverlayClosureTests.test_mechanics_telemetry_is_not_empirical_learning) ... ok
test_promoted_and_quarantined_ids_are_disjoint_and_complete (test_r387_product_overlay_closure.R387ProductOverlayClosureTests.test_promoted_and_quarantined_ids_are_disjoint_and_complete) ... ok
test_quality_family_accounting_is_distinct_from_suite_count (test_r387_product_overlay_closure.R387ProductOverlayClosureTests.test_quality_family_accounting_is_distinct_from_suite_count) ... ok
test_r386_overlay_history_remains_intact (test_r387_product_overlay_closure.R387ProductOverlayClosureTests.test_r386_overlay_history_remains_intact) ... ok
test_registry_authority_is_not_inflated (test_r387_product_overlay_closure.R387ProductOverlayClosureTests.test_registry_authority_is_not_inflated) ... ok
test_state_keeps_r387_authority_separate_from_later_candidate_overlays (test_r387_product_overlay_closure.R387ProductOverlayClosureTests.test_state_keeps_r387_authority_separate_from_later_candidate_overlays) ... ok
test_authority_transition_is_explicit_not_inferred_from_candidate_state (test_r388_retro50_parent_integration_closure.R388Retro50ParentIntegrationClosureTests.test_authority_transition_is_explicit_not_inferred_from_candidate_state) ... ok
test_candidate_overlay_is_48_suites_35_internal_families_without_registry_mutation (test_r388_retro50_parent_integration_closure.R388Retro50ParentIntegrationClosureTests.test_candidate_overlay_is_48_suites_35_internal_families_without_registry_mutation) ... ok
test_control_plane_closes_over_48_candidate_suites (test_r388_retro50_parent_integration_closure.R388Retro50ParentIntegrationClosureTests.test_control_plane_closes_over_48_candidate_suites) ... ok
test_full_candidate_universe_is_preserved_beyond_operational_top1000 (test_r388_retro50_parent_integration_closure.R388Retro50ParentIntegrationClosureTests.test_full_candidate_universe_is_preserved_beyond_operational_top1000) ... ok
test_mechanics_events_remain_nonlearning (test_r388_retro50_parent_integration_closure.R388Retro50ParentIntegrationClosureTests.test_mechanics_events_remain_nonlearning) ... ok
test_parent_provenance_bucket_no_longer_hides_parent_pairs (test_r388_retro50_parent_integration_closure.R388Retro50ParentIntegrationClosureTests.test_parent_provenance_bucket_no_longer_hides_parent_pairs) ... ok
test_v2p049_is_exactly_calibrated (test_r388_retro50_parent_integration_closure.R388Retro50ParentIntegrationClosureTests.test_v2p049_is_exactly_calibrated) ... ok
test_authority_transition_is_explicit (test_r389_product_overlay_closure.R389Closure.test_authority_transition_is_explicit) ... ok
test_control_plane (test_r389_product_overlay_closure.R389Closure.test_control_plane) ... ok
test_mechanics_nonlearning (test_r389_product_overlay_closure.R389Closure.test_mechanics_nonlearning) ... ok
test_overlay_counts (test_r389_product_overlay_closure.R389Closure.test_overlay_counts) ... ok
test_quality_controls_present (test_r389_product_overlay_closure.R389Closure.test_quality_controls_present) ... ok
test_state_overlay_separate_from_authority (test_r389_product_overlay_closure.R389Closure.test_state_overlay_separate_from_authority) ... ok
test_v2p050_exact_shell (test_r389_product_overlay_closure.R389Closure.test_v2p050_exact_shell) ... ok
test_visibility_inherited (test_r389_product_overlay_closure.R389Closure.test_visibility_inherited) ... ok
test_authority_transition_is_explicit (test_r390_product_overlay_closure.R390Closure.test_authority_transition_is_explicit) ... ok
test_candidate_counts_and_quarantine (test_r390_product_overlay_closure.R390Closure.test_candidate_counts_and_quarantine) ... ok
test_control_plane_closes_over_50 (test_r390_product_overlay_closure.R390Closure.test_control_plane_closes_over_50) ... ok
test_mechanics_nonlearning (test_r390_product_overlay_closure.R390Closure.test_mechanics_nonlearning) ... ok
test_quality_controls_present (test_r390_product_overlay_closure.R390Closure.test_quality_controls_present) ... ok
test_registry455_unchanged (test_r390_product_overlay_closure.R390Closure.test_registry455_unchanged) ... ok
test_state_overlay_separate_from_authority (test_r390_product_overlay_closure.R390Closure.test_state_overlay_separate_from_authority) ... ok
test_v2p051_exact_shell (test_r390_product_overlay_closure.R390Closure.test_v2p051_exact_shell) ... ok
test_visibility_inherited (test_r390_product_overlay_closure.R390Closure.test_visibility_inherited) ... ok
test_authority_transition_is_explicit (test_r391_product_overlay_closure.R391Closure.test_authority_transition_is_explicit) ... ok
test_candidate_counts_and_quarantine (test_r391_product_overlay_closure.R391Closure.test_candidate_counts_and_quarantine) ... ok
test_control_plane_closes_over_51 (test_r391_product_overlay_closure.R391Closure.test_control_plane_closes_over_51) ... ok
test_mechanics_nonlearning (test_r391_product_overlay_closure.R391Closure.test_mechanics_nonlearning) ... ok
test_quality_controls_present (test_r391_product_overlay_closure.R391Closure.test_quality_controls_present) ... ok
test_refresh_discovers_latest_overlay_dynamically (test_r391_product_overlay_closure.R391Closure.test_refresh_discovers_latest_overlay_dynamically) ... ok
test_registry455_unchanged (test_r391_product_overlay_closure.R391Closure.test_registry455_unchanged) ... ok
test_state_overlay_separate_from_authority (test_r391_product_overlay_closure.R391Closure.test_state_overlay_separate_from_authority) ... ok
test_v2p052_exact_shell (test_r391_product_overlay_closure.R391Closure.test_v2p052_exact_shell) ... ok
test_visibility_inherited (test_r391_product_overlay_closure.R391Closure.test_visibility_inherited) ... ok
test_authority_transition_is_explicit (test_r392_product_overlay_closure.R392Closure.test_authority_transition_is_explicit) ... ok
test_candidate_counts_and_quarantine (test_r392_product_overlay_closure.R392Closure.test_candidate_counts_and_quarantine) ... ok
test_control_plane_closes_over_52 (test_r392_product_overlay_closure.R392Closure.test_control_plane_closes_over_52) ... ok
test_full_visibility_not_top1000_only (test_r392_product_overlay_closure.R392Closure.test_full_visibility_not_top1000_only) ... ok
test_mechanics_nonlearning (test_r392_product_overlay_closure.R392Closure.test_mechanics_nonlearning) ... ok
test_quality_controls_present (test_r392_product_overlay_closure.R392Closure.test_quality_controls_present) ... ok
test_registry455_unchanged (test_r392_product_overlay_closure.R392Closure.test_registry455_unchanged) ... ok
test_state_overlay_separate_from_authority (test_r392_product_overlay_closure.R392Closure.test_state_overlay_separate_from_authority) ... ok
test_v2p053_exact_shell (test_r392_product_overlay_closure.R392Closure.test_v2p053_exact_shell) ... ok
test_visibility_inherited (test_r392_product_overlay_closure.R392Closure.test_visibility_inherited) ... ok
test_closed_prior_generation_can_train_next_generation (test_relevance_learning.RelevanceLearningTests.test_closed_prior_generation_can_train_next_generation) ... ok
test_feedback_snapshot_change_invalidates_incremental_cache (test_relevance_learning.RelevanceLearningTests.test_feedback_snapshot_change_invalidates_incremental_cache) ... ok
test_frozen_snapshot_is_immutable_to_later_ledger_append (test_relevance_learning.RelevanceLearningTests.test_frozen_snapshot_is_immutable_to_later_ledger_append) ... ok
test_out_of_scope_shell_does_not_transfer_without_shared_tags (test_relevance_learning.RelevanceLearningTests.test_out_of_scope_shell_does_not_transfer_without_shared_tags) ... ok
test_pair_feedback_is_consumer_specific (test_relevance_learning.RelevanceLearningTests.test_pair_feedback_is_consumer_specific) ... ok
test_protected_validation_never_trains_even_later (test_relevance_learning.RelevanceLearningTests.test_protected_validation_never_trains_even_later) ... ok
test_router_uses_pair_prior_only_for_supplier_surface (test_relevance_learning.RelevanceLearningTests.test_router_uses_pair_prior_only_for_supplier_surface) ... ok
test_same_generation_feedback_is_quarantined (test_relevance_learning.RelevanceLearningTests.test_same_generation_feedback_is_quarantined) ... ok
test_core_entrypoint_returns_exact_top_k (test_search_corpus_integration.SearchCorpusIntegrationTests.test_core_entrypoint_returns_exact_top_k) ... ok
test_corpus_contains_capabilities_and_primitives (test_search_corpus_integration.SearchCorpusIntegrationTests.test_corpus_contains_capabilities_and_primitives) ... ok
test_crypto_contract_recovers_declared_mechanism_anchors (test_search_corpus_integration.SearchRelevanceSmokeTests.test_crypto_contract_recovers_declared_mechanism_anchors) ... ok

----------------------------------------------------------------------
Ran 62 tests in 2.546s

OK
