test_comparator_loss_narrows_region_but_does_not_delete_capability (test_core_v2.CoreV2Tests.test_comparator_loss_narrows_region_but_does_not_delete_capability) ... ok
test_implementation_failure_is_not_theory_death (test_core_v2.CoreV2Tests.test_implementation_failure_is_not_theory_death) ... ok
test_incompatible_pair_is_not_forced (test_core_v2.CoreV2Tests.test_incompatible_pair_is_not_forced) ... ok
test_product_value_and_production_readiness_are_separate (test_core_v2.CoreV2Tests.test_product_value_and_production_readiness_are_separate) ... ok
test_strength_can_fill_weakness_without_novelty_gate (test_core_v2.CoreV2Tests.test_strength_can_fill_weakness_without_novelty_gate) ... ok
test_curated_evlt_route_is_in_queue (test_core_v2_foundry_integration.FoundryIntegrationTests.test_curated_evlt_route_is_in_queue) ... ok
test_edsanp_edge_is_now_fixed_pilot_ready (test_core_v2_foundry_integration.FoundryIntegrationTests.test_edsanp_edge_is_now_fixed_pilot_ready) ... ok
test_foundry_evidence_tiers_remain_distinct (test_core_v2_foundry_integration.FoundryIntegrationTests.test_foundry_evidence_tiers_remain_distinct) ... ok
test_mfqa_routes_by_decision_value_and_correlation (test_core_v2_foundry_integration.FoundryIntegrationTests.test_mfqa_routes_by_decision_value_and_correlation) ... ok
test_r10_k068_p025_is_fixed_pilot_ready_v2p006 (test_core_v2_foundry_integration.FoundryIntegrationTests.test_r10_k068_p025_is_fixed_pilot_ready_v2p006) ... ok
test_r10_k089_edges_are_rejected_without_global_component_death (test_core_v2_foundry_integration.FoundryIntegrationTests.test_r10_k089_edges_are_rejected_without_global_component_death) ... ok
test_r11_k009_p026_is_fixed_pilot_ready_v2p007 (test_core_v2_foundry_integration.FoundryIntegrationTests.test_r11_k009_p026_is_fixed_pilot_ready_v2p007) ... ok
test_r11_k087_p002_is_rejected_without_component_death (test_core_v2_foundry_integration.FoundryIntegrationTests.test_r11_k087_p002_is_rejected_without_component_death) ... ok
test_r388_full_candidate_universe_is_persisted_beyond_top1000_priority_window (test_core_v2_foundry_integration.FoundryIntegrationTests.test_r388_full_candidate_universe_is_persisted_beyond_top1000_priority_window) ... ok
test_r388_interaction_map_represents_full_active_candidate_universe (test_core_v2_foundry_integration.FoundryIntegrationTests.test_r388_interaction_map_represents_full_active_candidate_universe) ... ok
test_r388_operational_queue_pins_every_completed_suite (test_core_v2_foundry_integration.FoundryIntegrationTests.test_r388_operational_queue_pins_every_completed_suite) ... ok
test_r388_parent_completeness_audit_accounts_for_all_previously_hidden_rankable_pairs (test_core_v2_foundry_integration.FoundryIntegrationTests.test_r388_parent_completeness_audit_accounts_for_all_previously_hidden_rankable_pairs) ... ok
test_r388_parent_provenance_bucket_does_not_hide_parent_to_parent_edges (test_core_v2_foundry_integration.FoundryIntegrationTests.test_r388_parent_provenance_bucket_does_not_hide_parent_to_parent_edges) ... ok
test_rejected_k058_p143_edge_is_preserved_in_adjudication_not_active_queue (test_core_v2_foundry_integration.FoundryIntegrationTests.test_rejected_k058_p143_edge_is_preserved_in_adjudication_not_active_queue) ... ok
test_sava_removes_shared_capacity_double_count (test_core_v2_foundry_integration.FoundryIntegrationTests.test_sava_removes_shared_capacity_double_count) ... ok
test_unified_registry_has_all_three_families (test_core_v2_foundry_integration.FoundryIntegrationTests.test_unified_registry_has_all_three_families) ... ok
test_bootstrap_preserves_structural_questions_but_only_quantifies_coverage (test_experiment_contract_bootstrap.ExperimentContractBootstrapTests.test_bootstrap_preserves_structural_questions_but_only_quantifies_coverage) ... ok
test_discovers_completed_composition_suites (test_experiment_contract_bootstrap.ExperimentContractBootstrapTests.test_discovers_completed_composition_suites) ... ok
test_nonmatching_queue_row_remains_unquantified (test_experiment_contract_bootstrap.ExperimentContractBootstrapTests.test_nonmatching_queue_row_remains_unquantified) ... ok
test_queue_audit_is_explicit (test_experiment_contract_bootstrap.ExperimentContractBootstrapTests.test_queue_audit_is_explicit) ... ok
test_real_fixed_suite_pilot_unlocks_later_generation_only (test_experiment_contract_bootstrap.ExperimentContractBootstrapTests.test_real_fixed_suite_pilot_unlocks_later_generation_only) ... ok
test_core_entry_point (test_experiment_integration.ExperimentIntegrationTests.test_core_entry_point) ... ok
test_current_queue_is_not_ready_without_telemetry (test_experiment_integration.ExperimentIntegrationTests.test_current_queue_is_not_ready_without_telemetry) ... ok
test_foundry_packet_exposes_not_ready_gate (test_experiment_integration.ExperimentIntegrationTests.test_foundry_packet_exposes_not_ready_gate) ... ok
test_foundry_packet_routes_declared_contract (test_experiment_integration.ExperimentIntegrationTests.test_foundry_packet_routes_declared_contract) ... ok
test_foundry_packet_routes_from_prior_generation_telemetry (test_experiment_integration.ExperimentIntegrationTests.test_foundry_packet_routes_from_prior_generation_telemetry) ... ok
test_search_packet_surfaces_existing_bootstrap_pilot (test_experiment_integration.ExperimentIntegrationTests.test_search_packet_surfaces_existing_bootstrap_pilot) ... ok
test_search_packet_surfaces_r7_adapter_bootstrap_pilot (test_experiment_integration.ExperimentIntegrationTests.test_search_packet_surfaces_r7_adapter_bootstrap_pilot) ... ok
test_search_packet_surfaces_r8_observation_policy_adapter (test_experiment_integration.ExperimentIntegrationTests.test_search_packet_surfaces_r8_observation_policy_adapter) ... ok
test_blind_axis_reported (test_experiment_selector.ExperimentSelectorTests.test_blind_axis_reported) ... ok
test_compute_ceiling (test_experiment_selector.ExperimentSelectorTests.test_compute_ceiling) ... ok
test_outcome_only_changes_next_round (test_experiment_selector.ExperimentSelectorTests.test_outcome_only_changes_next_round) ... ok
test_plan_fingerprint_detects_contract_change (test_experiment_selector.ExperimentSelectorTests.test_plan_fingerprint_detects_contract_change) ... ok
test_protected_outcome_cannot_adapt (test_experiment_selector.ExperimentSelectorTests.test_protected_outcome_cannot_adapt) ... ok
test_protected_validation_never_selected (test_experiment_selector.ExperimentSelectorTests.test_protected_validation_never_selected) ... ok
test_selects_progress_per_compute (test_experiment_selector.ExperimentSelectorTests.test_selects_progress_per_compute) ... ok
test_stop_threshold (test_experiment_selector.ExperimentSelectorTests.test_stop_threshold) ... ok
test_unadjusted_backreaction_stays_unquantified (test_experiment_selector.ExperimentSelectorTests.test_unadjusted_backreaction_stays_unquantified) ... ok
test_unknown_calibration_never_gets_fake_score (test_experiment_selector.ExperimentSelectorTests.test_unknown_calibration_never_gets_fake_score) ... ok
test_exact_shell_and_signature_only (test_experiment_telemetry.ExperimentTelemetryTests.test_exact_shell_and_signature_only) ... ok
test_insufficient_support_stays_unknown (test_experiment_telemetry.ExperimentTelemetryTests.test_insufficient_support_stays_unknown) ... ok
test_jsonl_ledger_rejects_duplicate_event (test_experiment_telemetry.ExperimentTelemetryTests.test_jsonl_ledger_rejects_duplicate_event) ... ok
test_prior_generation_telemetry_unlocks_future_routing (test_experiment_telemetry.ExperimentTelemetryTests.test_prior_generation_telemetry_unlocks_future_routing) ... ok
test_record_from_frozen_round_captures_before_after (test_experiment_telemetry.ExperimentTelemetryTests.test_record_from_frozen_round_captures_before_after) ... ok
test_same_generation_and_protected_never_calibrate (test_experiment_telemetry.ExperimentTelemetryTests.test_same_generation_and_protected_never_calibrate) ... ok
test_snapshot_is_deterministic (test_experiment_telemetry.ExperimentTelemetryTests.test_snapshot_is_deterministic) ... ok
test_unadjusted_backreaction_is_unusable_and_penalizes_reliability (test_experiment_telemetry.ExperimentTelemetryTests.test_unadjusted_backreaction_is_unusable_and_penalizes_reliability) ... ok
test_cumulative_updates_never_diverge (test_lab_search_engine.CertifiedSearchTests.test_cumulative_updates_never_diverge) ... ok
test_full_matches_naive (test_lab_search_engine.CertifiedSearchTests.test_full_matches_naive) ... ok
test_random_differential_against_naive (test_lab_search_engine.CertifiedSearchTests.test_random_differential_against_naive) ... ok
test_relevant_small_change_is_certified_or_selective_and_exact (test_lab_search_engine.CertifiedSearchTests.test_relevant_small_change_is_certified_or_selective_and_exact) ... ok
test_strong_query_shift_changes_frontier_correctly (test_lab_search_engine.CertifiedSearchTests.test_strong_query_shift_changes_frontier_correctly) ... ok
test_top_k_change_fails_closed_to_full_search (test_lab_search_engine.CertifiedSearchTests.test_top_k_change_fails_closed_to_full_search) ... ok
test_unrelated_feature_reuses_everything (test_lab_search_engine.CertifiedSearchTests.test_unrelated_feature_reuses_everything) ... ok
test_identity_seed_propagates_to_connected_supplier (test_lab_search_engine.InteractionSearchTests.test_identity_seed_propagates_to_connected_supplier) ... ok
test_interaction_incremental_update_matches_full_search (test_lab_search_engine.InteractionSearchTests.test_interaction_incremental_update_matches_full_search) ... ok
test_snapshot_fails_closed_on_corpus_change (test_lab_search_engine.SearchSnapshotTests.test_snapshot_fails_closed_on_corpus_change) ... ok
test_snapshot_restore_preserves_incremental_equivalence (test_lab_search_engine.SearchSnapshotTests.test_snapshot_restore_preserves_incremental_equivalence) ... ok
test_packet_auto_uses_canonical_telemetry_for_exact_bootstrap_shell (test_r12_closure.AutoTelemetryRoutingTests.test_packet_auto_uses_canonical_telemetry_for_exact_bootstrap_shell) ... ok
test_current_memory_does_not_fake_empirical_learning (test_r12_closure.CampaignMemoryTests.test_current_memory_does_not_fake_empirical_learning) ... ok
test_only_explicit_empirical_events_can_become_relevance_feedback (test_r12_closure.CampaignMemoryTests.test_only_explicit_empirical_events_can_become_relevance_feedback) ... ok
test_protected_validation_cannot_be_marked_learning_eligible (test_r12_closure.CampaignMemoryTests.test_protected_validation_cannot_be_marked_learning_eligible) ... ok
test_completed_edge_carries_product_and_telemetry (test_r12_closure.InteractionMapTests.test_completed_edge_carries_product_and_telemetry) ... ok
test_completed_rejected_and_hypothesis_are_distinct (test_r12_closure.InteractionMapTests.test_completed_rejected_and_hypothesis_are_distinct) ... ok
test_inferred_candidates_do_not_enter_search_adjacency (test_r12_closure.InteractionMapTests.test_inferred_candidates_do_not_enter_search_adjacency) ... ok
test_interaction_map_covers_every_search_node_without_inventing_edges (test_r12_closure.InteractionMapTests.test_interaction_map_covers_every_search_node_without_inventing_edges) ... ok
test_parent_provenance_products_are_all_mapped (test_r12_closure.InteractionMapTests.test_parent_provenance_products_are_all_mapped) ... ok
test_rejected_edges_are_inactive_but_preserved (test_r12_closure.InteractionMapTests.test_rejected_edges_are_inactive_but_preserved) ... ok
test_packet_carries_map_and_telemetry_fingerprints (test_r12_closure.SearchTraceTests.test_packet_carries_map_and_telemetry_fingerprints) ... ok
test_corpus_primitive_text_is_simple_and_provenance_is_separate (test_r12_closure.SimpleLexiconTests.test_corpus_primitive_text_is_simple_and_provenance_is_separate) ... ok
test_identity_ignores_domain_and_source_label (test_r12_closure.SimpleLexiconTests.test_identity_ignores_domain_and_source_label) ... ok
test_all_completed_suites_are_calibrated (test_r12_closure.TelemetryClosureTests.test_all_completed_suites_are_calibrated) ... ok
test_all_current_bootstrap_events_match_current_suites (test_r12_closure.TelemetryClosureTests.test_all_current_bootstrap_events_match_current_suites) ... ok
test_queue_is_hydrated_from_canonical_telemetry (test_r12_closure.TelemetryClosureTests.test_queue_is_hydrated_from_canonical_telemetry) ... ok
test_canonical_runtime_event_survives_registry_refresh (test_r12_closure.TelemetryPersistenceTests.test_canonical_runtime_event_survives_registry_refresh) ... ok

----------------------------------------------------------------------
Ran 80 tests in 19.394s

OK
