{
  "release": "R391",
  "result": "PROMOTED",
  "authority_file": "01_V2_CORE/CURRENT_PRODUCT_AUTHORITY.json",
  "authority_sha256": "2c9ad841a909cedf9fe3e16d3afdf5ff469aa9c4cb3db0002ccffd177e98573b",
  "overlay_state_sha256_after_promotion": "421dfc6206c19624fd41dfbcb21e774f0c12b610923148571132232413b887fd",
  "checks": {
    "promotion_regression_bundle": "PASS",
    "foundry_test_files_passed": 214,
    "foundry_tests_counted": 806,
    "foundry_inheritance_byte_identical": true,
    "direct_v2_test_files": 51,
    "direct_v2_tests_counted": 435,
    "direct_v2_failed": 0,
    "core_surfaces_fresh": 15,
    "core_tests_counted": 127,
    "candidate_closure_tests": 10,
    "physical_suite_count": 51,
    "distinct_family_count": 38,
    "telemetry_events": 435,
    "telemetry_exact_matches": 435,
    "telemetry_unmatched": 0,
    "calibrated_suites": 51,
    "interaction_map_completed_edges": 51,
    "fixed_pilotable_queue_rows": 51,
    "campaign_mechanics_passes": 51,
    "rejected_current_interface_edges": 5,
    "candidate_universe_rows": 16594,
    "active_candidate_rows": 16589
  },
  "registry455_unchanged": true,
  "quarantined_product_ids": [
    "V2P047"
  ],
  "note": "Promotion certifies graph visibility, deterministic executable contracts, failure-region controls and internal product-family distinctness only; it is not novel-theory, scientific, financial, deployment or real-world validation."
}
