{
  "prior_state_one": 0.3,
  "signals": [
    {
      "signal": "S1",
      "probability": 0.5,
      "posterior_state_one": 0.0,
      "receiver_action": "REJECT",
      "probability_given_state_zero": 0.7142857142857143,
      "probability_given_state_one": 0.0,
      "sender_expected_payoff": 0.0,
      "receiver_expected_payoff": 0.0
    },
    {
      "signal": "S2",
      "probability": 0.5,
      "posterior_state_one": 0.6,
      "receiver_action": "ADOPT",
      "probability_given_state_zero": 0.28571428571428575,
      "probability_given_state_one": 1.0,
      "sender_expected_payoff": 1.0,
      "receiver_expected_payoff": -1.1102230246251565e-16
    }
  ],
  "bayes_posterior_mean": 0.3,
  "bayes_plausibility_residual": 0.0,
  "optimized_sender_value": 0.5,
  "no_information_sender_value": 0.0,
  "full_revelation_sender_value": 0.3,
  "persuasion_gain_over_no_information": 0.5,
  "status": "BAYES_PLAUSIBLE_CHANNEL"
}
