{
  "observed_edge_flow": [
    0.3999999999999999,
    3.1,
    2.5,
    -0.8999999999999999,
    3.3,
    2.6,
    3.8,
    2.3
  ],
  "potential_source_sink_flow": [
    -1.5999999999999996,
    1.1000000000000008,
    0.499999999999999,
    -0.8999999999999984,
    0.2999999999999993,
    -0.3999999999999994,
    0.8000000000000007,
    -0.7000000000000006
  ],
  "local_face_cycle_flow": [
    2.0,
    2.0,
    2.0,
    0.0,
    0.0,
    0.0,
    0.0,
    0.0
  ],
  "global_harmonic_loop_flow": [
    -4.440892098500626e-16,
    -6.661338147750939e-16,
    8.881784197001252e-16,
    -1.5543122344752192e-15,
    3.0000000000000004,
    2.9999999999999996,
    2.999999999999999,
    3.0000000000000004
  ],
  "energy_share": {
    "potential": 0.11455451023796344,
    "local_cycle": 0.22136137244050916,
    "harmonic": 0.6640841173215275
  },
  "node_balance_only_unexplained_energy": 48.0,
  "reconstruction_residual": 4.440892098500626e-16,
  "cycle_divergence_residual": 1.3322676295501878e-15,
  "nonlocal_face_curl_residual": 0.0
}
