{
  "ordinary_nav": {
    "requested_units": 300,
    "served_units": 300.0,
    "deferred_units": 0.0,
    "gross_nav_claim": 30000.0,
    "cash_paid_to_redeemers": 30000,
    "swing_charge": 0.0,
    "assets_sold_at_book_value": 27086.28783861748,
    "forced_sale_cost": 2086.2878386174816,
    "cost_borne_by_redeemers": 0.0,
    "cost_left_to_remaining_holders": 2086.2878386174816,
    "first_mover_advantage_per_served_unit": 6.954292795391606,
    "remaining_units": 700.0,
    "remaining_nav_per_unit": 97.01958880197502,
    "remaining_nav_dilution": 2.9804111980249814,
    "gate_fraction": 1.0,
    "swing_capture_fraction": 0.0,
    "status": "FUNDED"
  },
  "full_swing": {
    "requested_units": 300,
    "served_units": 300.0,
    "deferred_units": 0.0,
    "gross_nav_claim": 30000.0,
    "cash_paid_to_redeemers": 28184.210526315786,
    "swing_charge": 1815.7894736842136,
    "assets_sold_at_book_value": 24999.999999999996,
    "forced_sale_cost": 1815.78947368421,
    "cost_borne_by_redeemers": 1815.7894736842136,
    "cost_left_to_remaining_holders": 0.0,
    "first_mover_advantage_per_served_unit": 0.0,
    "remaining_units": 700.0,
    "remaining_nav_per_unit": 100.0,
    "remaining_nav_dilution": 0.0,
    "gate_fraction": 1.0,
    "swing_capture_fraction": 1.0,
    "status": "FUNDED"
  },
  "ten_percent_gate": {
    "requested_units": 300,
    "served_units": 100.0,
    "deferred_units": 200.0,
    "gross_nav_claim": 10000.0,
    "cash_paid_to_redeemers": 10000.0,
    "swing_charge": 0.0,
    "assets_sold_at_book_value": 5159.2214082477385,
    "forced_sale_cost": 159.2214082477385,
    "cost_borne_by_redeemers": 0.0,
    "cost_left_to_remaining_holders": 159.2214082477385,
    "first_mover_advantage_per_served_unit": 1.5922140824773852,
    "remaining_units": 900.0,
    "remaining_nav_per_unit": 99.82308732416918,
    "remaining_nav_dilution": 0.17691267583082038,
    "gate_fraction": 0.1,
    "swing_capture_fraction": 0.0,
    "status": "FUNDED"
  },
  "gate_plus_swing": {
    "requested_units": 300,
    "served_units": 100.0,
    "deferred_units": 200.0,
    "gross_nav_claim": 10000.0,
    "cash_paid_to_redeemers": 9847.368421052632,
    "swing_charge": 152.63157894736833,
    "assets_sold_at_book_value": 5000.0,
    "forced_sale_cost": 152.63157894736833,
    "cost_borne_by_redeemers": 152.63157894736833,
    "cost_left_to_remaining_holders": 0.0,
    "first_mover_advantage_per_served_unit": 0.0,
    "remaining_units": 900.0,
    "remaining_nav_per_unit": 100.0,
    "remaining_nav_dilution": 0.0,
    "gate_fraction": 0.1,
    "swing_capture_fraction": 1.0,
    "status": "FUNDED"
  }
}
