{
  "account": {
    "mechanism_count": 100,
    "post_processing_count": 50,
    "basic_epsilon": 4.999999999999999,
    "basic_delta": 1.0000000000000001e-07,
    "advanced_epsilon": 2.884616366758587,
    "advanced_delta": 1.1e-06,
    "reported_epsilon": 2.884616366758587,
    "reported_delta": 1.1e-06,
    "accounting_method": "ADVANCED_SEQUENTIAL_COMPOSITION",
    "epsilon_budget": 3.0,
    "delta_budget": 2e-06,
    "epsilon_utilization": 0.9615387889195289,
    "delta_utilization": 0.55,
    "within_budget": true,
    "charged_release_ids": [
      "query_000",
      "query_001",
      "query_002",
      "query_003",
      "query_004",
      "query_005",
      "query_006",
      "query_007",
      "query_008",
      "query_009",
      "query_010",
      "query_011",
      "query_012",
      "query_013",
      "query_014",
      "query_015",
      "query_016",
      "query_017",
      "query_018",
      "query_019",
      "query_020",
      "query_021",
      "query_022",
      "query_023",
      "query_024",
      "query_025",
      "query_026",
      "query_027",
      "query_028",
      "query_029",
      "query_030",
      "query_031",
      "query_032",
      "query_033",
      "query_034",
      "query_035",
      "query_036",
      "query_037",
      "query_038",
      "query_039",
      "query_040",
      "query_041",
      "query_042",
      "query_043",
      "query_044",
      "query_045",
      "query_046",
      "query_047",
      "query_048",
      "query_049",
      "query_050",
      "query_051",
      "query_052",
      "query_053",
      "query_054",
      "query_055",
      "query_056",
      "query_057",
      "query_058",
      "query_059",
      "query_060",
      "query_061",
      "query_062",
      "query_063",
      "query_064",
      "query_065",
      "query_066",
      "query_067",
      "query_068",
      "query_069",
      "query_070",
      "query_071",
      "query_072",
      "query_073",
      "query_074",
      "query_075",
      "query_076",
      "query_077",
      "query_078",
      "query_079",
      "query_080",
      "query_081",
      "query_082",
      "query_083",
      "query_084",
      "query_085",
      "query_086",
      "query_087",
      "query_088",
      "query_089",
      "query_090",
      "query_091",
      "query_092",
      "query_093",
      "query_094",
      "query_095",
      "query_096",
      "query_097",
      "query_098",
      "query_099"
    ],
    "zero_cost_post_processing_ids": [
      "dashboard_000",
      "dashboard_002",
      "dashboard_004",
      "dashboard_006",
      "dashboard_008",
      "dashboard_010",
      "dashboard_012",
      "dashboard_014",
      "dashboard_016",
      "dashboard_018",
      "dashboard_020",
      "dashboard_022",
      "dashboard_024",
      "dashboard_026",
      "dashboard_028",
      "dashboard_030",
      "dashboard_032",
      "dashboard_034",
      "dashboard_036",
      "dashboard_038",
      "dashboard_040",
      "dashboard_042",
      "dashboard_044",
      "dashboard_046",
      "dashboard_048",
      "dashboard_050",
      "dashboard_052",
      "dashboard_054",
      "dashboard_056",
      "dashboard_058",
      "dashboard_060",
      "dashboard_062",
      "dashboard_064",
      "dashboard_066",
      "dashboard_068",
      "dashboard_070",
      "dashboard_072",
      "dashboard_074",
      "dashboard_076",
      "dashboard_078",
      "dashboard_080",
      "dashboard_082",
      "dashboard_084",
      "dashboard_086",
      "dashboard_088",
      "dashboard_090",
      "dashboard_092",
      "dashboard_094",
      "dashboard_096",
      "dashboard_098"
    ]
  },
  "naive_error_if_dashboards_were_charged_as_queries": {
    "release_count": 150,
    "basic_epsilon": 7.5,
    "correct_charged_mechanism_count": 100
  }
}
