{
  "expected": {
    "couplings": [
      0.0,
      1.0,
      2.0,
      3.0,
      4.0,
      5.0,
      6.0,
      7.0,
      8.0,
      9.0,
      10.0
    ],
    "scenario_throughputs": [
      [
        0.9285714285714286,
        1.7142857142857142,
        2.357142857142857,
        2.857142857142857,
        3.2142857142857144,
        3.428571428571429,
        3.5,
        3.428571428571429,
        3.2142857142857144,
        2.857142857142857,
        2.357142857142857
      ],
      [
        1.6923076923076923,
        2.3076923076923075,
        2.769230769230769,
        3.0769230769230766,
        3.230769230769231,
        3.230769230769231,
        3.0769230769230766,
        2.769230769230769,
        2.3076923076923075,
        1.6923076923076923,
        0.9230769230769231
      ],
      [
        0.4791666666666667,
        1.3125,
        1.9791666666666665,
        2.4791666666666665,
        2.8125000000000004,
        2.9791666666666665,
        2.9791666666666665,
        2.8125000000000004,
        2.4791666666666665,
        1.9791666666666665,
        1.3125
      ]
    ],
    "aggregate_throughput": [
      1.033348595848596,
      1.7781593406593406,
      2.368513431013431,
      2.8044108669108665,
      3.0858516483516483,
      3.2128357753357752,
      3.1853632478632474,
      3.0034340659340657,
      2.667048229548229,
      2.1762057387057387,
      1.5309065934065933
    ],
    "selected_index": 5,
    "selected_coupling": 5.0,
    "selected_aggregate_throughput": 3.2128357753357752,
    "selected_worst_case_regret": 0.07142857142857117,
    "scenario_optimal_couplings": [
      6.0,
      4.0,
      5.0
    ],
    "activation_nondecreasing": true,
    "release_nonincreasing": true,
    "activation_violation": null,
    "release_violation": null,
    "interior_selected": true,
    "selection_mode": "EXPECTED_THROUGHPUT",
    "status": "INTERIOR_COUPLING_OPTIMUM_FOUND"
  },
  "robust": {
    "couplings": [
      0.0,
      1.0,
      2.0,
      3.0,
      4.0,
      5.0,
      6.0,
      7.0,
      8.0,
      9.0,
      10.0
    ],
    "scenario_throughputs": [
      [
        0.9285714285714286,
        1.7142857142857142,
        2.357142857142857,
        2.857142857142857,
        3.2142857142857144,
        3.428571428571429,
        3.5,
        3.428571428571429,
        3.2142857142857144,
        2.857142857142857,
        2.357142857142857
      ],
      [
        1.6923076923076923,
        2.3076923076923075,
        2.769230769230769,
        3.0769230769230766,
        3.230769230769231,
        3.230769230769231,
        3.0769230769230766,
        2.769230769230769,
        2.3076923076923075,
        1.6923076923076923,
        0.9230769230769231
      ],
      [
        0.4791666666666667,
        1.3125,
        1.9791666666666665,
        2.4791666666666665,
        2.8125000000000004,
        2.9791666666666665,
        2.9791666666666665,
        2.8125000000000004,
        2.4791666666666665,
        1.9791666666666665,
        1.3125
      ]
    ],
    "aggregate_throughput": [
      1.033348595848596,
      1.7781593406593406,
      2.368513431013431,
      2.8044108669108665,
      3.0858516483516483,
      3.2128357753357752,
      3.1853632478632474,
      3.0034340659340657,
      2.667048229548229,
      2.1762057387057387,
      1.5309065934065933
    ],
    "selected_index": 5,
    "selected_coupling": 5.0,
    "selected_aggregate_throughput": 3.2128357753357752,
    "selected_worst_case_regret": 0.07142857142857117,
    "scenario_optimal_couplings": [
      6.0,
      4.0,
      5.0
    ],
    "activation_nondecreasing": true,
    "release_nonincreasing": true,
    "activation_violation": null,
    "release_violation": null,
    "interior_selected": true,
    "selection_mode": "MINIMAX_REGRET",
    "status": "INTERIOR_COUPLING_OPTIMUM_FOUND"
  },
  "too_narrow": {
    "couplings": [
      0.0,
      1.0,
      2.0,
      3.0
    ],
    "scenario_throughputs": [
      [
        0.9166666666666667,
        1.6666666666666667,
        2.25,
        2.6666666666666665
      ]
    ],
    "aggregate_throughput": [
      0.9166666666666667,
      1.6666666666666667,
      2.25,
      2.6666666666666665
    ],
    "selected_index": 3,
    "selected_coupling": 3.0,
    "selected_aggregate_throughput": 2.6666666666666665,
    "selected_worst_case_regret": 0.0,
    "scenario_optimal_couplings": [
      3.0
    ],
    "activation_nondecreasing": true,
    "release_nonincreasing": true,
    "activation_violation": null,
    "release_violation": null,
    "interior_selected": false,
    "selection_mode": "EXPECTED_THROUGHPUT",
    "status": "SEARCH_RANGE_MISSES_INTERIOR_OPTIMUM"
  }
}
