{
  "feasible": {
    "sample_rate_hz": 1000.0,
    "maximum_time_spread_seconds": 0.02,
    "maximum_frequency_spread_hz": 10.0,
    "selected": {
      "window_type": "GAUSSIAN",
      "samples": 128,
      "duration_seconds": 0.128,
      "time_spread_seconds": 0.01509005498116599,
      "frequency_spread_hz": 5.29822960133876,
      "uncertainty_product": 0.07995057598704305,
      "bin_spacing_hz": 7.8125,
      "equivalent_noise_bandwidth_hz": 13.294717469703437,
      "time_requirement_ratio": 0.7545027490582995,
      "frequency_requirement_ratio": 0.529822960133876,
      "feasible": true,
      "violation_score": 0.0
    },
    "feasible_candidate_count": 5,
    "candidates": [
      {
        "window_type": "HANN",
        "samples": 16,
        "duration_seconds": 0.016,
        "time_spread_seconds": 0.002317752418773896,
        "frequency_spread_hz": 36.0748108710332,
        "uncertainty_product": 0.08361248015314804,
        "bin_spacing_hz": 62.5,
        "equivalent_noise_bandwidth_hz": 93.75,
        "time_requirement_ratio": 0.1158876209386948,
        "frequency_requirement_ratio": 3.60748108710332,
        "feasible": false,
        "violation_score": 12.013919793808151
      },
      {
        "window_type": "HANN",
        "samples": 32,
        "duration_seconds": 0.032,
        "time_spread_seconds": 0.004553875029207147,
        "frequency_spread_hz": 18.041601625009452,
        "uncertainty_product": 0.08215919912703362,
        "bin_spacing_hz": 31.25,
        "equivalent_noise_bandwidth_hz": 46.875,
        "time_requirement_ratio": 0.22769375146035734,
        "frequency_requirement_ratio": 1.8041601625009451,
        "feasible": false,
        "violation_score": 2.2549938919554364
      },
      {
        "window_type": "HANN",
        "samples": 64,
        "duration_seconds": 0.064,
        "time_spread_seconds": 0.009066482412271874,
        "frequency_spread_hz": 9.0210608828762,
        "uncertainty_product": 0.08178928983463084,
        "bin_spacing_hz": 15.625,
        "equivalent_noise_bandwidth_hz": 23.4375,
        "time_requirement_ratio": 0.4533241206135937,
        "frequency_requirement_ratio": 0.90210608828762,
        "feasible": true,
        "violation_score": 0.0
      },
      {
        "window_type": "HANN",
        "samples": 128,
        "duration_seconds": 0.128,
        "time_spread_seconds": 0.018112272437313816,
        "frequency_spread_hz": 4.5105466620522225,
        "uncertainty_product": 0.0816962499843063,
        "bin_spacing_hz": 7.8125,
        "equivalent_noise_bandwidth_hz": 11.71875,
        "time_requirement_ratio": 0.9056136218656907,
        "frequency_requirement_ratio": 0.4510546662052223,
        "feasible": true,
        "violation_score": 0.0
      },
      {
        "window_type": "HANN",
        "samples": 256,
        "duration_seconds": 0.256,
        "time_spread_seconds": 0.036214191297662006,
        "frequency_spread_hz": 2.255274344289392,
        "uncertainty_product": 0.08167293653280529,
        "bin_spacing_hz": 3.90625,
        "equivalent_noise_bandwidth_hz": 5.859375,
        "time_requirement_ratio": 1.8107095648831002,
        "frequency_requirement_ratio": 0.22552743442893922,
        "feasible": false,
        "violation_score": 2.2786691283591463
      },
      {
        "window_type": "HANN",
        "samples": 512,
        "duration_seconds": 0.512,
        "time_spread_seconds": 0.07242320488194887,
        "frequency_spread_hz": 1.1276372354654651,
        "uncertainty_product": 0.0816671025366298,
        "bin_spacing_hz": 1.953125,
        "equivalent_noise_bandwidth_hz": 2.9296875,
        "time_requirement_ratio": 3.6211602440974433,
        "frequency_requirement_ratio": 0.11276372354654651,
        "feasible": false,
        "violation_score": 12.112801513431855
      },
      {
        "window_type": "HAMMING",
        "samples": 16,
        "duration_seconds": 0.016,
        "time_spread_seconds": 0.0024955808100138605,
        "frequency_spread_hz": 33.58486534602018,
        "uncertainty_product": 0.08381374546442748,
        "bin_spacing_hz": 62.5,
        "equivalent_noise_bandwidth_hz": 85.17661179698217,
        "time_requirement_ratio": 0.12477904050069302,
        "frequency_requirement_ratio": 3.358486534602018,
        "feasible": false,
        "violation_score": 10.279431803103071
      },
      {
        "window_type": "HAMMING",
        "samples": 32,
        "duration_seconds": 0.032,
        "time_spread_seconds": 0.004917173537766242,
        "frequency_spread_hz": 17.249717266278825,
        "uncertainty_product": 0.08481985327569568,
        "bin_spacing_hz": 31.25,
        "equivalent_noise_bandwidth_hz": 42.588305898491086,
        "time_requirement_ratio": 0.2458586768883121,
        "frequency_requirement_ratio": 1.7249717266278826,
        "feasible": false,
        "violation_score": 1.9755274576655784
      },
      {
        "window_type": "HAMMING",
        "samples": 64,
        "duration_seconds": 0.064,
        "time_spread_seconds": 0.009796974244474147,
        "frequency_spread_hz": 9.1076357843711,
        "uncertainty_product": 0.08922727320753476,
        "bin_spacing_hz": 15.625,
        "equivalent_noise_bandwidth_hz": 21.294152949245547,
        "time_requirement_ratio": 0.48984871222370735,
        "frequency_requirement_ratio": 0.91076357843711,
        "feasible": true,
        "violation_score": 0.0
      },
      {
        "window_type": "HAMMING",
        "samples": 128,
        "duration_seconds": 0.128,
        "time_spread_seconds": 0.01957521334458516,
        "frequency_spread_hz": 5.012043287930535,
        "uncertainty_product": 0.09811181665353629,
        "bin_spacing_hz": 7.8125,
        "equivalent_noise_bandwidth_hz": 10.647076474622773,
        "time_requirement_ratio": 0.978760667229258,
        "frequency_requirement_ratio": 0.5012043287930534,
        "feasible": true,
        "violation_score": 0.0
      },
      {
        "window_type": "HAMMING",
        "samples": 256,
        "duration_seconds": 0.256,
        "time_spread_seconds": 0.039141052982098516,
        "frequency_spread_hz": 2.912875577252259,
        "uncertainty_product": 0.11401301729949147,
        "bin_spacing_hz": 3.90625,
        "equivalent_noise_bandwidth_hz": 5.323538237311386,
        "time_requirement_ratio": 1.9570526491049258,
        "frequency_requirement_ratio": 0.2912875577252259,
        "feasible": false,
        "violation_score": 2.8300550713686086
      },
      {
        "window_type": "HAMMING",
        "samples": 512,
        "duration_seconds": 0.512,
        "time_spread_seconds": 0.07827741834242614,
        "frequency_spread_hz": 1.7958831521084169,
        "uncertainty_product": 0.14057709679170546,
        "bin_spacing_hz": 1.953125,
        "equivalent_noise_bandwidth_hz": 2.661769118655693,
        "time_requirement_ratio": 3.913870917121307,
        "frequency_requirement_ratio": 0.17958831521084168,
        "feasible": false,
        "violation_score": 14.318385555887982
      },
      {
        "window_type": "GAUSSIAN",
        "samples": 16,
        "duration_seconds": 0.016,
        "time_spread_seconds": 0.0019502215442584784,
        "frequency_spread_hz": 42.24556332038472,
        "uncertainty_product": 0.08238820773675001,
        "bin_spacing_hz": 62.5,
        "equivalent_noise_bandwidth_hz": 106.42130698193384,
        "time_requirement_ratio": 0.09751107721292392,
        "frequency_requirement_ratio": 4.224556332038472,
        "feasible": false,
        "violation_score": 16.84687620256635
      },
      {
        "window_type": "GAUSSIAN",
        "samples": 32,
        "duration_seconds": 0.032,
        "time_spread_seconds": 0.003803361138193296,
        "frequency_spread_hz": 21.130128027258458,
        "uncertainty_product": 0.08036550778392379,
        "bin_spacing_hz": 31.25,
        "equivalent_noise_bandwidth_hz": 53.186510704282966,
        "time_requirement_ratio": 0.1901680569096648,
        "frequency_requirement_ratio": 2.1130128027258457,
        "feasible": false,
        "violation_score": 3.464823104483334
      },
      {
        "window_type": "GAUSSIAN",
        "samples": 64,
        "duration_seconds": 0.064,
        "time_spread_seconds": 0.007557406500798457,
        "frequency_spread_hz": 10.575149959575624,
        "uncertainty_product": 0.07992070705141537,
        "bin_spacing_hz": 15.625,
        "equivalent_noise_bandwidth_hz": 26.590200849712584,
        "time_requirement_ratio": 0.37787032503992285,
        "frequency_requirement_ratio": 1.0575149959575625,
        "feasible": false,
        "violation_score": 0.11833796667512342
      },
      {
        "window_type": "GAUSSIAN",
        "samples": 128,
        "duration_seconds": 0.128,
        "time_spread_seconds": 0.01509005498116599,
        "frequency_spread_hz": 5.29822960133876,
        "uncertainty_product": 0.07995057598704305,
        "bin_spacing_hz": 7.8125,
        "equivalent_noise_bandwidth_hz": 13.294717469703437,
        "time_requirement_ratio": 0.7545027490582995,
        "frequency_requirement_ratio": 0.529822960133876,
        "feasible": true,
        "violation_score": 0.0
      },
      {
        "window_type": "GAUSSIAN",
        "samples": 256,
        "duration_seconds": 0.256,
        "time_spread_seconds": 0.03016771832848755,
        "frequency_spread_hz": 2.659868033062924,
        "uncertainty_product": 0.0802421496123905,
        "bin_spacing_hz": 3.90625,
        "equivalent_noise_bandwidth_hz": 6.647310829788046,
        "time_requirement_ratio": 1.5083859164243774,
        "frequency_requirement_ratio": 0.2659868033062924,
        "feasible": false,
        "violation_score": 1.2752280728674088
      },
      {
        "window_type": "GAUSSIAN",
        "samples": 512,
        "duration_seconds": 0.512,
        "time_spread_seconds": 0.06032923925871734,
        "frequency_spread_hz": 1.340653062465483,
        "uncertainty_product": 0.08088057936841225,
        "bin_spacing_hz": 1.953125,
        "equivalent_noise_bandwidth_hz": 3.323649425646625,
        "time_requirement_ratio": 3.016461962935867,
        "frequency_requirement_ratio": 0.1340653062465483,
        "feasible": false,
        "violation_score": 8.099042773838905
      }
    ],
    "status": "FEASIBLE_DESIGN_FOUND"
  },
  "impossible_closest": {
    "sample_rate_hz": 1000.0,
    "maximum_time_spread_seconds": 0.002,
    "maximum_frequency_spread_hz": 5.0,
    "selected": {
      "window_type": "HAMMING",
      "samples": 32,
      "duration_seconds": 0.032,
      "time_spread_seconds": 0.004917173537766242,
      "frequency_spread_hz": 17.249717266278825,
      "uncertainty_product": 0.08481985327569568,
      "bin_spacing_hz": 31.25,
      "equivalent_noise_bandwidth_hz": 42.588305898491086,
      "time_requirement_ratio": 2.4585867688831207,
      "frequency_requirement_ratio": 3.449943453255765,
      "feasible": false,
      "violation_score": 15.946758730789455
    },
    "feasible_candidate_count": 0,
    "candidates": [
      {
        "window_type": "HANN",
        "samples": 16,
        "duration_seconds": 0.016,
        "time_spread_seconds": 0.002317752418773896,
        "frequency_spread_hz": 36.0748108710332,
        "uncertainty_product": 0.08361248015314804,
        "bin_spacing_hz": 62.5,
        "equivalent_noise_bandwidth_hz": 93.75,
        "time_requirement_ratio": 1.158876209386948,
        "frequency_requirement_ratio": 7.21496217420664,
        "feasible": false,
        "violation_score": 51.39867324391567
      },
      {
        "window_type": "HANN",
        "samples": 32,
        "duration_seconds": 0.032,
        "time_spread_seconds": 0.004553875029207147,
        "frequency_spread_hz": 18.041601625009452,
        "uncertainty_product": 0.08215919912703362,
        "bin_spacing_hz": 31.25,
        "equivalent_noise_bandwidth_hz": 46.875,
        "time_requirement_ratio": 2.2769375146035733,
        "frequency_requirement_ratio": 3.6083203250018903,
        "feasible": false,
        "violation_score": 16.204420013230845
      },
      {
        "window_type": "HANN",
        "samples": 64,
        "duration_seconds": 0.064,
        "time_spread_seconds": 0.009066482412271874,
        "frequency_spread_hz": 9.0210608828762,
        "uncertainty_product": 0.08178928983463084,
        "bin_spacing_hz": 15.625,
        "equivalent_noise_bandwidth_hz": 23.4375,
        "time_requirement_ratio": 4.533241206135937,
        "frequency_requirement_ratio": 1.80421217657524,
        "feasible": false,
        "violation_score": 21.80545741111117
      },
      {
        "window_type": "HANN",
        "samples": 128,
        "duration_seconds": 0.128,
        "time_spread_seconds": 0.018112272437313816,
        "frequency_spread_hz": 4.5105466620522225,
        "uncertainty_product": 0.0816962499843063,
        "bin_spacing_hz": 7.8125,
        "equivalent_noise_bandwidth_hz": 11.71875,
        "time_requirement_ratio": 9.056136218656908,
        "frequency_requirement_ratio": 0.9021093324104446,
        "feasible": false,
        "violation_score": 81.01360321086945
      },
      {
        "window_type": "HANN",
        "samples": 256,
        "duration_seconds": 0.256,
        "time_spread_seconds": 0.036214191297662006,
        "frequency_spread_hz": 2.255274344289392,
        "uncertainty_product": 0.08167293653280529,
        "bin_spacing_hz": 3.90625,
        "equivalent_noise_bandwidth_hz": 5.859375,
        "time_requirement_ratio": 18.107095648831002,
        "frequency_requirement_ratio": 0.45105486885787843,
        "feasible": false,
        "violation_score": 326.8669128359146
      },
      {
        "window_type": "HANN",
        "samples": 512,
        "duration_seconds": 0.512,
        "time_spread_seconds": 0.07242320488194887,
        "frequency_spread_hz": 1.1276372354654651,
        "uncertainty_product": 0.0816671025366298,
        "bin_spacing_hz": 1.953125,
        "equivalent_noise_bandwidth_hz": 2.9296875,
        "time_requirement_ratio": 36.21160244097443,
        "frequency_requirement_ratio": 0.22552744709309303,
        "feasible": false,
        "violation_score": 1310.2801513431855
      },
      {
        "window_type": "HAMMING",
        "samples": 16,
        "duration_seconds": 0.016,
        "time_spread_seconds": 0.0024955808100138605,
        "frequency_spread_hz": 33.58486534602018,
        "uncertainty_product": 0.08381374546442748,
        "bin_spacing_hz": 62.5,
        "equivalent_noise_bandwidth_hz": 85.17661179698217,
        "time_requirement_ratio": 1.2477904050069302,
        "frequency_requirement_ratio": 6.716973069204036,
        "feasible": false,
        "violation_score": 44.674708107239645
      },
      {
        "window_type": "HAMMING",
        "samples": 32,
        "duration_seconds": 0.032,
        "time_spread_seconds": 0.004917173537766242,
        "frequency_spread_hz": 17.249717266278825,
        "uncertainty_product": 0.08481985327569568,
        "bin_spacing_hz": 31.25,
        "equivalent_noise_bandwidth_hz": 42.588305898491086,
        "time_requirement_ratio": 2.4585867688831207,
        "frequency_requirement_ratio": 3.449943453255765,
        "feasible": false,
        "violation_score": 15.946758730789455
      },
      {
        "window_type": "HAMMING",
        "samples": 64,
        "duration_seconds": 0.064,
        "time_spread_seconds": 0.009796974244474147,
        "frequency_spread_hz": 9.1076357843711,
        "uncertainty_product": 0.08922727320753476,
        "bin_spacing_hz": 15.625,
        "equivalent_noise_bandwidth_hz": 21.294152949245547,
        "time_requirement_ratio": 4.898487122237074,
        "frequency_requirement_ratio": 1.82152715687422,
        "feasible": false,
        "violation_score": 25.313137269952733
      },
      {
        "window_type": "HAMMING",
        "samples": 128,
        "duration_seconds": 0.128,
        "time_spread_seconds": 0.01957521334458516,
        "frequency_spread_hz": 5.012043287930535,
        "uncertainty_product": 0.09811181665353629,
        "bin_spacing_hz": 7.8125,
        "equivalent_noise_bandwidth_hz": 10.647076474622773,
        "time_requirement_ratio": 9.78760667229258,
        "frequency_requirement_ratio": 1.0024086575861069,
        "feasible": false,
        "violation_score": 94.80206748830979
      },
      {
        "window_type": "HAMMING",
        "samples": 256,
        "duration_seconds": 0.256,
        "time_spread_seconds": 0.039141052982098516,
        "frequency_spread_hz": 2.912875577252259,
        "uncertainty_product": 0.11401301729949147,
        "bin_spacing_hz": 3.90625,
        "equivalent_noise_bandwidth_hz": 5.323538237311386,
        "time_requirement_ratio": 19.570526491049257,
        "frequency_requirement_ratio": 0.5825751154504518,
        "feasible": false,
        "violation_score": 382.0055071368608
      },
      {
        "window_type": "HAMMING",
        "samples": 512,
        "duration_seconds": 0.512,
        "time_spread_seconds": 0.07827741834242614,
        "frequency_spread_hz": 1.7958831521084169,
        "uncertainty_product": 0.14057709679170546,
        "bin_spacing_hz": 1.953125,
        "equivalent_noise_bandwidth_hz": 2.661769118655693,
        "time_requirement_ratio": 39.13870917121307,
        "frequency_requirement_ratio": 0.35917663042168335,
        "feasible": false,
        "violation_score": 1530.8385555887983
      },
      {
        "window_type": "GAUSSIAN",
        "samples": 16,
        "duration_seconds": 0.016,
        "time_spread_seconds": 0.0019502215442584784,
        "frequency_spread_hz": 42.24556332038472,
        "uncertainty_product": 0.08238820773675001,
        "bin_spacing_hz": 62.5,
        "equivalent_noise_bandwidth_hz": 106.42130698193384,
        "time_requirement_ratio": 0.9751107721292391,
        "frequency_requirement_ratio": 8.449112664076944,
        "feasible": false,
        "violation_score": 70.3875048102654
      },
      {
        "window_type": "GAUSSIAN",
        "samples": 32,
        "duration_seconds": 0.032,
        "time_spread_seconds": 0.003803361138193296,
        "frequency_spread_hz": 21.130128027258458,
        "uncertainty_product": 0.08036550778392379,
        "bin_spacing_hz": 31.25,
        "equivalent_noise_bandwidth_hz": 53.186510704282966,
        "time_requirement_ratio": 1.901680569096648,
        "frequency_requirement_ratio": 4.226025605451691,
        "feasible": false,
        "violation_score": 19.475681404813088
      },
      {
        "window_type": "GAUSSIAN",
        "samples": 64,
        "duration_seconds": 0.064,
        "time_spread_seconds": 0.007557406500798457,
        "frequency_spread_hz": 10.575149959575624,
        "uncertainty_product": 0.07992070705141537,
        "bin_spacing_hz": 15.625,
        "equivalent_noise_bandwidth_hz": 26.590200849712584,
        "time_requirement_ratio": 3.7787032503992286,
        "frequency_requirement_ratio": 2.115029991915125,
        "feasible": false,
        "violation_score": 16.75195012127819
      },
      {
        "window_type": "GAUSSIAN",
        "samples": 128,
        "duration_seconds": 0.128,
        "time_spread_seconds": 0.01509005498116599,
        "frequency_spread_hz": 5.29822960133876,
        "uncertainty_product": 0.07995057598704305,
        "bin_spacing_hz": 7.8125,
        "equivalent_noise_bandwidth_hz": 13.294717469703437,
        "time_requirement_ratio": 7.545027490582995,
        "frequency_requirement_ratio": 1.059645920267752,
        "feasible": false,
        "violation_score": 56.05028930999322
      },
      {
        "window_type": "GAUSSIAN",
        "samples": 256,
        "duration_seconds": 0.256,
        "time_spread_seconds": 0.03016771832848755,
        "frequency_spread_hz": 2.659868033062924,
        "uncertainty_product": 0.0802421496123905,
        "bin_spacing_hz": 3.90625,
        "equivalent_noise_bandwidth_hz": 6.647310829788046,
        "time_requirement_ratio": 15.083859164243774,
        "frequency_requirement_ratio": 0.5319736066125847,
        "feasible": false,
        "violation_score": 226.52280728674089
      },
      {
        "window_type": "GAUSSIAN",
        "samples": 512,
        "duration_seconds": 0.512,
        "time_spread_seconds": 0.06032923925871734,
        "frequency_spread_hz": 1.340653062465483,
        "uncertainty_product": 0.08088057936841225,
        "bin_spacing_hz": 1.953125,
        "equivalent_noise_bandwidth_hz": 3.323649425646625,
        "time_requirement_ratio": 30.16461962935867,
        "frequency_requirement_ratio": 0.2681306124930966,
        "feasible": false,
        "violation_score": 908.9042773838903
      }
    ],
    "status": "JOINT_REQUIREMENT_NOT_MET"
  }
}
