{
  "results": [
    {
      "outcome": "raw_revenue",
      "treatment": "campaign_intensity",
      "control_set": "unadjusted",
      "sample": "all",
      "n": 2000,
      "parameters": 2,
      "rank": 2,
      "condition_number": 1.2440110813506577,
      "estimate": 1.4458150513372552,
      "robust_standard_error": 0.030264392213463748,
      "confidence_low": 1.3864968425988662,
      "confidence_high": 1.5051332600756442,
      "status": "OK"
    },
    {
      "outcome": "raw_revenue",
      "treatment": "campaign_intensity",
      "control_set": "unadjusted",
      "sample": "central_demand",
      "n": 1735,
      "parameters": 2,
      "rank": 2,
      "condition_number": 1.152951248066895,
      "estimate": 1.1822176720164645,
      "robust_standard_error": 0.029576430107533712,
      "confidence_low": 1.1242478690056985,
      "confidence_high": 1.2401874750272306,
      "status": "OK"
    },
    {
      "outcome": "raw_revenue",
      "treatment": "campaign_intensity",
      "control_set": "demand_adjusted",
      "sample": "all",
      "n": 2000,
      "parameters": 3,
      "rank": 3,
      "condition_number": 2.0923423803852357,
      "estimate": 0.6052762243338171,
      "robust_standard_error": 0.02077026705430114,
      "confidence_low": 0.5645665009073869,
      "confidence_high": 0.6459859477602473,
      "status": "OK"
    },
    {
      "outcome": "raw_revenue",
      "treatment": "campaign_intensity",
      "control_set": "demand_adjusted",
      "sample": "central_demand",
      "n": 1735,
      "parameters": 3,
      "rank": 3,
      "condition_number": 2.050975304426315,
      "estimate": 0.6025385114847989,
      "robust_standard_error": 0.022447460176104335,
      "confidence_low": 0.5585414895396343,
      "confidence_high": 0.6465355334299634,
      "status": "OK"
    },
    {
      "outcome": "clipped_revenue",
      "treatment": "campaign_intensity",
      "control_set": "unadjusted",
      "sample": "all",
      "n": 2000,
      "parameters": 2,
      "rank": 2,
      "condition_number": 1.2440110813506577,
      "estimate": 1.420782027591171,
      "robust_standard_error": 0.027770133761103676,
      "confidence_low": 1.3663525654194077,
      "confidence_high": 1.475211489762934,
      "status": "OK"
    },
    {
      "outcome": "clipped_revenue",
      "treatment": "campaign_intensity",
      "control_set": "unadjusted",
      "sample": "central_demand",
      "n": 1735,
      "parameters": 2,
      "rank": 2,
      "condition_number": 1.152951248066895,
      "estimate": 1.1871528796722683,
      "robust_standard_error": 0.02833971311008014,
      "confidence_low": 1.1316070419765112,
      "confidence_high": 1.2426987173680255,
      "status": "OK"
    },
    {
      "outcome": "clipped_revenue",
      "treatment": "campaign_intensity",
      "control_set": "demand_adjusted",
      "sample": "all",
      "n": 2000,
      "parameters": 3,
      "rank": 3,
      "condition_number": 2.0923423803852357,
      "estimate": 0.5921127035413027,
      "robust_standard_error": 0.020451179960990523,
      "confidence_low": 0.5520283908177613,
      "confidence_high": 0.6321970162648441,
      "status": "OK"
    },
    {
      "outcome": "clipped_revenue",
      "treatment": "campaign_intensity",
      "control_set": "demand_adjusted",
      "sample": "central_demand",
      "n": 1735,
      "parameters": 3,
      "rank": 3,
      "condition_number": 2.050975304426315,
      "estimate": 0.6048499040680076,
      "robust_standard_error": 0.02200295575615954,
      "confidence_low": 0.561724110785935,
      "confidence_high": 0.6479756973500803,
      "status": "OK"
    }
  ],
  "valid_specifications": 8,
  "invalid_specifications": 0,
  "estimate_minimum": 0.5921127035413027,
  "estimate_median": 0.8937469481751408,
  "estimate_maximum": 1.4458150513372552,
  "positive_share": 1.0,
  "negative_share": 0.0,
  "significantly_positive_share": 1.0,
  "significantly_negative_share": 0.0,
  "sign_stable": true
}
