{
  "selected_shrinkage": 0.0,
  "covariance": [
    [
      0.7103073898776534,
      0.7347761954779635,
      0.5203041235743054,
      0.530877149101039,
      0.5092347172970647,
      0.5276636797047796,
      0.0,
      0.0,
      0.0,
      0.0,
      0.0,
      0.0
    ],
    [
      0.7347761954779635,
      1.0611187007025276,
      0.6495329201907771,
      0.6704674250387134,
      0.5762785466836045,
      0.6618698890314354,
      0.0,
      0.0,
      0.0,
      0.0,
      0.0,
      0.0
    ],
    [
      0.5203041235743054,
      0.6495329201907771,
      0.7610513711204329,
      0.5400971805283126,
      0.6475711182029066,
      0.6545761985576418,
      0.0,
      0.0,
      0.0,
      0.0,
      0.0,
      0.0
    ],
    [
      0.530877149101039,
      0.6704674250387134,
      0.5400971805283126,
      0.7042642640834897,
      0.4775526444122225,
      0.540232440784014,
      0.0,
      0.0,
      0.0,
      0.0,
      0.0,
      0.0
    ],
    [
      0.5092347172970647,
      0.5762785466836045,
      0.6475711182029066,
      0.4775526444122225,
      0.8044540062440819,
      0.6549885617939376,
      0.0,
      0.0,
      0.0,
      0.0,
      0.0,
      0.0
    ],
    [
      0.5276636797047796,
      0.6618698890314354,
      0.6545761985576418,
      0.540232440784014,
      0.6549885617939376,
      0.8189973625697891,
      0.0,
      0.0,
      0.0,
      0.0,
      0.0,
      0.0
    ],
    [
      0.0,
      0.0,
      0.0,
      0.0,
      0.0,
      0.0,
      0.1985370580175114,
      0.0,
      0.0,
      0.0,
      0.0,
      0.0
    ],
    [
      0.0,
      0.0,
      0.0,
      0.0,
      0.0,
      0.0,
      0.0,
      0.1494976362703893,
      0.0,
      0.0,
      0.0,
      0.0
    ],
    [
      0.0,
      0.0,
      0.0,
      0.0,
      0.0,
      0.0,
      0.0,
      0.0,
      0.19175183227784484,
      0.0,
      0.0,
      0.0
    ],
    [
      0.0,
      0.0,
      0.0,
      0.0,
      0.0,
      0.0,
      0.0,
      0.0,
      0.0,
      0.262461485673621,
      0.0,
      0.0
    ],
    [
      0.0,
      0.0,
      0.0,
      0.0,
      0.0,
      0.0,
      0.0,
      0.0,
      0.0,
      0.0,
      0.18754380507898075,
      0.0
    ],
    [
      0.0,
      0.0,
      0.0,
      0.0,
      0.0,
      0.0,
      0.0,
      0.0,
      0.0,
      0.0,
      0.0,
      0.10935614612546128
    ]
  ],
  "precision": [
    [
      5.8860913199939,
      -2.9226293059383894,
      0.15175054462595067,
      -1.012816160783843,
      -1.2436732874147614,
      0.11103742626295185,
      0.0,
      0.0,
      0.0,
      0.0,
      0.0,
      0.0
    ],
    [
      -2.922629305938391,
      4.248780916798854,
      -0.7944674122079404,
      -1.1697081627006525,
      0.738626172004248,
      -0.7348164807886586,
      -0.0,
      -0.0,
      -0.0,
      -0.0,
      -0.0,
      -0.0
    ],
    [
      0.15175054462595086,
      -0.794467412207941,
      6.4316324869548716,
      -1.213142905633456,
      -2.5612095536800967,
      -1.7476132245519511,
      0.0,
      0.0,
      0.0,
      0.0,
      0.0,
      0.0
    ],
    [
      -1.0128161607838417,
      -1.1697081627006527,
      -1.2131429056334557,
      4.529651826221413,
      0.31243759802145743,
      -0.6703227073295631,
      0.0,
      0.0,
      0.0,
      0.0,
      0.0,
      0.0
    ],
    [
      -1.2436732874147625,
      0.7386261720042482,
      -2.5612095536800963,
      0.31243759802145865,
      4.90818779147101,
      -1.8800087094855609,
      0.0,
      0.0,
      0.0,
      0.0,
      0.0,
      0.0
    ],
    [
      0.11103742626295268,
      -0.734816480788659,
      -1.7476132245519511,
      -0.6703227073295636,
      -1.8800087094855609,
      5.08575847760703,
      0.0,
      0.0,
      0.0,
      0.0,
      0.0,
      0.0
    ],
    [
      0.0,
      0.0,
      0.0,
      0.0,
      0.0,
      0.0,
      5.036843045754198,
      0.0,
      0.0,
      0.0,
      0.0,
      0.0
    ],
    [
      0.0,
      0.0,
      0.0,
      0.0,
      0.0,
      0.0,
      0.0,
      6.689068970905649,
      0.0,
      0.0,
      0.0,
      0.0
    ],
    [
      0.0,
      0.0,
      0.0,
      0.0,
      0.0,
      0.0,
      0.0,
      0.0,
      5.215074026260248,
      0.0,
      0.0,
      0.0
    ],
    [
      0.0,
      0.0,
      0.0,
      0.0,
      0.0,
      0.0,
      0.0,
      0.0,
      0.0,
      3.810082829613832,
      0.0,
      0.0
    ],
    [
      0.0,
      0.0,
      0.0,
      0.0,
      0.0,
      0.0,
      0.0,
      0.0,
      0.0,
      0.0,
      5.332087613231841,
      0.0
    ],
    [
      0.0,
      0.0,
      0.0,
      0.0,
      0.0,
      0.0,
      0.0,
      0.0,
      0.0,
      0.0,
      0.0,
      9.144433444579581
    ]
  ],
  "minimum_eigenvalue": 0.10191768943342731,
  "condition_number": 37.27471353466241,
  "raw_sample_condition_number": 99.62183338466727,
  "unsupported_max_absolute_covariance": 0.0,
  "gaussian_validation_scores": [
    [
      0.0,
      0.0
    ],
    [
      0.025,
      0.025
    ],
    [
      0.05,
      0.05
    ],
    [
      0.07500000000000001,
      0.07500000000000001
    ],
    [
      0.1,
      0.1
    ],
    [
      0.125,
      0.125
    ],
    [
      0.15000000000000002,
      0.15000000000000002
    ],
    [
      0.17500000000000002,
      0.17500000000000002
    ],
    [
      0.2,
      0.2
    ],
    [
      0.225,
      0.225
    ],
    [
      0.25,
      0.25
    ],
    [
      0.275,
      0.275
    ],
    [
      0.30000000000000004,
      0.30000000000000004
    ],
    [
      0.325,
      0.325
    ],
    [
      0.35000000000000003,
      0.35000000000000003
    ],
    [
      0.375,
      0.375
    ],
    [
      0.4,
      0.4
    ],
    [
      0.42500000000000004,
      0.42500000000000004
    ],
    [
      0.45,
      0.45
    ],
    [
      0.47500000000000003,
      0.47500000000000003
    ],
    [
      0.5,
      0.5
    ],
    [
      0.525,
      0.525
    ],
    [
      0.55,
      0.55
    ],
    [
      0.5750000000000001,
      0.5750000000000001
    ],
    [
      0.6000000000000001,
      0.6000000000000001
    ],
    [
      0.625,
      0.625
    ],
    [
      0.65,
      0.65
    ],
    [
      0.675,
      0.675
    ],
    [
      0.7000000000000001,
      0.7000000000000001
    ],
    [
      0.7250000000000001,
      0.7250000000000001
    ],
    [
      0.75,
      0.75
    ],
    [
      0.775,
      0.775
    ],
    [
      0.8,
      0.8
    ],
    [
      0.8250000000000001,
      0.8250000000000001
    ],
    [
      0.8500000000000001,
      0.8500000000000001
    ],
    [
      0.875,
      0.875
    ],
    [
      0.9,
      0.9
    ],
    [
      0.925,
      0.925
    ],
    [
      0.9500000000000001,
      0.9500000000000001
    ],
    [
      0.9750000000000001,
      0.9750000000000001
    ],
    [
      1.0,
      1.0
    ]
  ],
  "minimum_variance_weights": [
    0.02617820274943653,
    -0.01712029845688446,
    0.007206180568154931,
    0.02095041917607556,
    0.007406211863606754,
    0.004428037243178436,
    0.13596706967609318,
    0.18056808571829086,
    0.14077832623595998,
    0.10285128856704723,
    0.14393704974358001,
    0.24684942691546094
  ],
  "predicted_portfolio_variance": 0.02699450200075352,
  "realized_holdout_variance": 0.043227419560661395,
  "raw_sample_realized_holdout_variance": 0.06249341375312328,
  "realized_risk_change_fraction_vs_raw": -0.308288394494996,
  "status": "SUPPORTED_COVARIANCE_AND_DECISION_READY"
}
