{
  "mean": {
    "target": "MEAN",
    "level": null,
    "elicited_report": 9.9,
    "best_raw_score_report": 9.9,
    "best_payment_report": 9.9,
    "raw_optimal_min": 9.9,
    "raw_optimal_max": 9.9,
    "payment_optimal_min": 9.9,
    "payment_optimal_max": 9.9,
    "expected_loss_at_truth": 142.89000000000001,
    "expected_payment_at_truth": 857.11,
    "maximum_expected_payment": 857.11,
    "properness_verified_on_grid": true,
    "strict_incentive_preserved_after_payment_clipping": true,
    "payment_clipping_active": false,
    "score_name": "SQUARED_ERROR",
    "report_grid_size": 2002
  },
  "median": {
    "target": "QUANTILE",
    "level": 0.5,
    "elicited_report": 6.0,
    "best_raw_score_report": 6.0,
    "best_payment_report": 6.0,
    "raw_optimal_min": 6.0,
    "raw_optimal_max": 6.9879999999999995,
    "payment_optimal_min": 6.0,
    "payment_optimal_max": 6.9879999999999995,
    "expected_loss_at_truth": 2.95,
    "expected_payment_at_truth": 997.05,
    "maximum_expected_payment": 997.0500000000002,
    "properness_verified_on_grid": true,
    "strict_incentive_preserved_after_payment_clipping": false,
    "payment_clipping_active": false,
    "score_name": "PINBALL",
    "report_grid_size": 2002
  },
  "upper_quantile": {
    "target": "QUANTILE",
    "level": 0.9,
    "elicited_report": 10.0,
    "best_raw_score_report": 10.0,
    "best_payment_report": 10.0,
    "raw_optimal_min": 10.0,
    "raw_optimal_max": 45.0,
    "payment_optimal_min": 10.0,
    "payment_optimal_max": 45.0,
    "expected_loss_at_truth": 3.5100000000000002,
    "expected_payment_at_truth": 996.49,
    "maximum_expected_payment": 996.4900000000001,
    "properness_verified_on_grid": true,
    "strict_incentive_preserved_after_payment_clipping": false,
    "payment_clipping_active": false,
    "score_name": "PINBALL",
    "report_grid_size": 2002
  },
  "upper_expectile": {
    "target": "EXPECTILE",
    "level": 0.9,
    "elicited_report": 25.500000000000107,
    "best_raw_score_report": 25.500000000000107,
    "best_payment_report": 25.500000000000107,
    "raw_optimal_min": 25.500000000000107,
    "raw_optimal_max": 25.500000000000107,
    "payment_optimal_min": 25.500000000000107,
    "payment_optimal_max": 25.500000000000107,
    "expected_loss_at_truth": 69.04499999999999,
    "expected_payment_at_truth": 930.9550000000002,
    "maximum_expected_payment": 930.9550000000002,
    "properness_verified_on_grid": true,
    "strict_incentive_preserved_after_payment_clipping": true,
    "payment_clipping_active": false,
    "score_name": "ASYMMETRIC_SQUARED_ERROR",
    "report_grid_size": 2002
  },
  "broken_by_floor": {
    "target": "MEAN",
    "level": null,
    "elicited_report": 9.9,
    "best_raw_score_report": 9.9,
    "best_payment_report": 9.9,
    "raw_optimal_min": 9.9,
    "raw_optimal_max": 9.9,
    "payment_optimal_min": 2.0,
    "payment_optimal_max": 45.0,
    "expected_loss_at_truth": 142.89000000000001,
    "expected_payment_at_truth": 0.0,
    "maximum_expected_payment": 0.0,
    "properness_verified_on_grid": true,
    "strict_incentive_preserved_after_payment_clipping": false,
    "payment_clipping_active": true,
    "score_name": "SQUARED_ERROR",
    "report_grid_size": 2002
  },
  "event_probability": {
    "target": "BINARY_PROBABILITY",
    "level": null,
    "elicited_report": 0.7,
    "best_raw_score_report": 0.7,
    "best_payment_report": 0.7,
    "raw_optimal_min": 0.7,
    "raw_optimal_max": 0.7000000000000001,
    "payment_optimal_min": 0.7,
    "payment_optimal_max": 0.7000000000000001,
    "expected_loss_at_truth": 0.21000000000000002,
    "expected_payment_at_truth": 0.79,
    "maximum_expected_payment": 0.79,
    "properness_verified_on_grid": true,
    "strict_incentive_preserved_after_payment_clipping": true,
    "payment_clipping_active": false,
    "score_name": "BRIER",
    "report_grid_size": 2002
  }
}
