{
  "baseline": {
    "performing": 3985.5691353534385,
    "delinquent": 164.12869993522773,
    "cumulative_default": 1894.105747749414,
    "cumulative_prepay": 3956.1964169619214,
    "probability_mass": 10000.000000000002,
    "expected_credit_loss": 153422565.56770253,
    "expected_prepayment_cost": 5696922.840425167,
    "total_economic_loss": 159119488.4081277,
    "monthly_states": [
      [
        10000.0,
        0.0,
        0.0,
        0.0
      ],
      [
        9795.0,
        80.0,
        25.0,
        100.0
      ],
      [
        9605.4025,
        141.64000000000004,
        54.6875,
        198.26999999999998
      ],
      [
        9428.32134875,
        188.88046000000003,
        87.90760625000001,
        294.890585
      ],
      [
        9261.484025500626,
        224.83101465,
        123.75563952187501,
        389.92932032749997
      ],
      [
        9103.099945028864,
        251.93320479215507,
        161.52336553787657,
        483.44348464110624
      ],
      [
        8951.757044826672,
        272.10396455082554,
        200.6567737119388,
        575.4822169105635
      ],
      [
        8806.340580444841,
        286.8482923183164,
        240.72292401980914,
        666.0882032170335
      ],
      [
        8665.969359470286,
        297.347723867347,
        281.38391447161183,
        755.2990021907552
      ],
      [
        8529.945668942573,
        304.5298044548337,
        322.3764399216651,
        843.1480866809275
      ],
      [
        8397.715955352927,
        309.1226406753141,
        363.4957413835857,
        929.6656625881725
      ],
      [
        8268.839947962737,
        311.6977364169969,
        404.58300291586346,
        1014.879312704403
      ],
      [
        8142.96641212788,
        312.70362908954644,
        445.5154556528751,
        1098.8145031296983
      ],
      [
        8019.814108751795,
        312.49230190685427,
        486.19860757401534,
        1181.4949817673353
      ],
      [
        7899.156841789342,
        311.33992367833605,
        526.5601424698403,
        1262.9430920624807
      ],
      [
        7780.811715847628,
        309.46313436387857,
        566.5451296134055,
        1343.1800201750875
      ],
      [
        7664.629914483695,
        307.03183300860894,
        606.1122626366766,
        1422.2259898710192
      ],
      [
        7550.489457857984,
        304.1792192256793,
        645.2309065684454,
        1500.1004163478906
      ],
      [
        7438.28951466349,
        301.0096780703762,
        683.8787794627596,
        1576.8220278033732
      ],
      [
        7327.945934542741,
        297.60497147097544,
        722.0401323239928,
        1652.4089616622896
      ],
      [
        7219.387738890552,
        294.0290999098835,
        759.704320305963,
        1726.878840893601
      ],
      [
        7112.55436423068,
        290.3321199398423,
        796.8646811473319,
        1800.248834682146
      ],
      [
        7007.393496555529,
        286.5531417862607,
        833.5176548539984,
        1872.5357068042122
      ],
      [
        6903.859369726217,
        282.7226831253765,
        869.6620928114942,
        1943.7558543369125
      ],
      [
        6801.911428284381,
        278.86451730998255,
        905.2987156389592,
        2013.9253387666763
      ],
      [
        6701.513276427949,
        274.9971246184712,
        940.429687834819,
        2083.0599111187603
      ],
      [
        6602.631851707762,
        271.13483178463434,
        975.0582841260895,
        2151.1750323815136
      ],
      [
        6505.236775197601,
        267.2887067553079,
        1009.1886278213601,
        2218.28589022573
      ],
      [
        6409.299840251793,
        263.46726124502936,
        1042.825485698449,
        2284.4074128047273
      ],
      [
        6314.794610100936,
        259.67700236683254,
        1075.9741072800055,
        2349.5542802522255
      ],
      [
        6221.696100925223,
        255.92286575297203,
        1108.6400989591018,
        2413.7409343627023
      ],
      [
        6129.9805320616715,
        252.2085556180026,
        1140.8293254853581,
        2476.9815868349665
      ],
      [
        6039.625128940927,
        248.53681175033347,
        1172.5478329306825,
        2539.290226378055
      ],
      [
        5950.607967442685,
        244.9096191260412,
        1203.8017885168065,
        2600.6806249144656
      ],
      [
        5862.907850787756,
        241.32837246824005,
        1234.597433678606,
        2661.1663430653966
      ],
      [
        5776.50421199216,
        237.7940054286799,
        1264.941047516011,
        2720.760735063147
      ],
      [
        5691.377036406337,
        234.30709199002308,
        1294.8389183988556,
        2779.4769532047835
      ],
      [
        5607.50680003861,
        230.86792605535896,
        1324.297321969223,
        2837.327951936807
      ],
      [
        5524.874420285569,
        227.47658391009787,
        1353.322504162918,
        2894.3264916414146
      ],
      [
        5443.4612164171285,
        224.132973235172,
        1381.9206681677883,
        2950.485142179911
      ],
      [
        5363.248877733501,
        220.83687156035808,
        1410.0979644691174,
        3005.8162862370227
      ],
      [
        5284.219437758414,
        217.58795642611125,
        1437.8604833148745,
        3060.3321225005993
      ],
      [
        5206.355253184022,
        214.38582903512133,
        1465.2142490769677,
        3114.044668703888
      ],
      [
        5129.638986558667,
        211.23003279225313,
        1492.1652160972105,
        3166.9657645518687
      ],
      [
        5054.053591925129,
        208.12006783114157,
        1518.7192656951036,
        3219.1070745486245
      ],
      [
        4979.582302787024,
        205.055402389834,
        1544.8822040839407,
        3270.4800907392005
      ],
      [
        4906.208621914467,
        202.03548171265487,
        1570.6597609962475,
        3321.09613537663
      ],
      [
        4833.916312604992,
        199.05973501002572,
        1596.0575888623562,
        3370.9663635226257
      ],
      [
        4762.689391097993,
        196.12758089377027,
        1621.0812624195203,
        3420.101765588716
      ],
      [
        4692.512119905613,
        193.2384316157562,
        1645.7362786553604,
        3468.513169823271
      ],
      [
        4623.369001873754,
        190.3916963673081,
        1670.0280570101486,
        3516.21124474879
      ],
      [
        4555.244774826765,
        187.58678384153075,
        1693.961939778708,
        3563.2065015529965
      ],
      [
        4488.12440668063,
        184.82310421726493,
        1717.5431926654744,
        3609.5092964366304
      ],
      [
        4421.993090934094,
        182.10007068930156,
        1740.7770054562982,
        3655.129832920306
      ],
      [
        4356.836242466447,
        179.4171006427103,
        1763.6684927784381,
        3700.078164112404
      ],
      [
        4292.639493585864,
        176.77361654811543,
        1786.2226949263804,
        3744.364194939639
      ],
      [
        4229.388690284091,
        174.1690466382462,
        1808.4445787359725,
        3787.9976843416903
      ],
      [
        4167.069888662622,
        171.60282541312546,
        1830.3390384931688,
        3830.9882474310843
      ],
      [
        4105.669351502876,
        169.07439401108326,
        1851.9108968666785,
        3873.345357619363
      ],
      [
        4045.1735449586195,
        166.58320047478986,
        1873.164905856156,
        3915.078348710436
      ],
      [
        3985.5691353534385,
        164.12869993522773,
        1894.105747749414,
        3956.1964169619214
      ]
    ]
  },
  "intervention": {
    "performing": 4337.706051120934,
    "delinquent": 114.32444334031408,
    "cumulative_default": 1133.0142215939914,
    "cumulative_prepay": 4414.955283944757,
    "probability_mass": 9999.999999999996,
    "expected_credit_loss": 91774151.9491133,
    "expected_prepayment_cost": 6357535.60888045,
    "total_economic_loss": 98131687.55799374,
    "monthly_states": [
      [
        10000.0,
        0.0,
        0.0,
        0.0
      ],
      [
        9815.65,
        57.599999999999994,
        18.75,
        108.0
      ],
      [
        9645.584892249999,
        100.77494399999999,
        39.400743750000004,
        214.23942
      ],
      [
        9486.81499917737,
        132.95372597135997,
        61.41643823896875,
        318.8148366123
      ],
      [
        9337.05381887612,
        156.75251594126613,
        84.38941167530936,
        421.80425350730104
      ],
      [
        9194.551457238036,
        174.16736223961883,
        108.00973570741147,
        523.2714448149283
      ],
      [
        9057.967532587141,
        186.72115059371833,
        132.0420468170779,
        623.2692700020575
      ],
      [
        8926.27419858611,
        195.57573664367757,
        156.3078608138338,
        721.8422039563735
      ],
      [
        8798.682147960832,
        201.61750512620037,
        180.67207866528616,
        819.0282682476782
      ],
      [
        8674.584151032026,
        205.52265310917628,
        205.03269039263455,
        914.86050546616
      ],
      [
        8553.511973645383,
        207.80700229779183,
        229.31291914707748,
        1009.3681049097427
      ],
      [
        8435.103503845514,
        208.86400673290154,
        253.45522718727645,
        1102.577262234304
      ],
      [
        8319.07766802464,
        208.99375335301855,
        277.41674251956994,
        1194.5118361027671
      ],
      [
        8205.215290598326,
        208.42508994294016,
        301.16576952788387,
        1285.1938499308453
      ],
      [
        8093.344488715362,
        207.33250915002438,
        324.6791267055304,
        1374.643875429079
      ],
      [
        7983.329527295248,
        205.84903128221922,
        347.94011547872265,
        1462.881325943805
      ],
      [
        7875.062314371899,
        204.07603410196498,
        370.9369705624078,
        1549.9246809637225
      ],
      [
        7768.455911051725,
        202.09075312109124,
        393.66167773183173,
        1635.791658095347
      ],
      [
        7663.439578671373,
        199.95200444465598,
        416.1090719367763,
        1720.49934494719
      ],
      [
        7559.954998878607,
        197.70455138664292,
        438.2761493201267,
        1804.0643004146193
      ],
      [
        7457.953388686355,
        195.3824362584825,
        460.16154244710316,
        1886.502632608055
      ],
      [
        7357.393298418775,
        193.01152256534795,
        481.7651200649709,
        1967.8300589509015
      ],
      [
        7258.238930727275,
        190.61143472907935,
        503.0876818795547,
        2048.0619526640858
      ],
      [
        7160.458857203113,
        188.19703811292203,
        524.1307258291024,
        2127.2133788548567
      ],
      [
        7064.025038373916,
        185.77956828821402,
        544.8962706727622,
        2205.299122665102
      ],
      [
        6968.912075197964,
        183.36749266638213,
        565.3867207829536,
        2282.333711352693
      ],
      [
        6875.096637205636,
        180.96716792092172,
        585.6047631379387,
        2358.3314317354966
      ],
      [
        6782.5570254358045,
        178.58334159357236,
        605.5532888816152,
        2433.306344089001
      ],
      [
        6691.272838233081,
        176.2195348103738,
        625.2353336264567,
        2507.272293330082
      ],
      [
        6601.224715539414,
        173.87833428258963,
        644.6540320557483,
        2580.2429181222406
      ],
      [
        6512.394143087855,
        171.56161509053584,
        663.8125834344057,
        2652.2316583871966
      ],
      [
        6424.763302312142,
        169.27071065371757,
        682.7142254412263,
        2723.2517615929078
      ],
      [
        6338.314955147571,
        167.00654240337303,
        701.3622143485566,
        2793.3162881004937
      ],
      [
        6253.0323554636625,
        164.76971870744052,
        719.7598100431898,
        2862.438115785701
      ],
      [
        6168.899180826396,
        162.560610334785,
        737.9102647392743,
        2930.6299440995385
      ],
      [
        6085.899479781136,
        160.37940801867492,
        755.8168145063804,
        2997.9042976938026
      ],
      [
        6004.017630986899,
        158.22616636188167,
        773.4826729436984,
        3064.2735297075137
      ],
      [
        5923.238311402051,
        156.10083732040965,
        790.9110264899122,
        3129.7498247876197
      ],
      [
        5843.546471384912,
        154.0032957357504,
        808.105030979287,
        3194.3452019000433
      ],
      [
        5764.927315078989,
        151.9333588002334,
        825.0678091468279,
        3258.0715169739433
      ],
      [
        5687.366284838751,
        149.89080089343423,
        841.8024488558101,
        3320.940465411997
      ],
      [
        5610.849048746608,
        147.87536488682872,
        858.3120018747267,
        3382.9635844918294
      ],
      [
        5535.361490496574,
        145.88677075386494,
        874.5994830717128,
        3444.15225567784
      ],
      [
        5460.889701091751,
        143.92472212422854,
        890.6678699257947,
        3504.5177068582184
      ],
      [
        5387.419971933604,
        141.988911269696,
        906.5201022781866,
        3564.071014518506
      ],
      [
        5314.9387889809805,
        140.07902289346407,
        922.1590822650803,
        3622.823105860468
      ],
      [
        5243.4328277329805,
        138.19473700671082,
        937.5876743872648,
        3680.7847608730362
      ],
      [
        5172.888948847991,
        136.33573110889586,
        952.8087056825258,
        3737.966614360579
      ],
      [
        5103.29419425556,
        134.50168183699645,
        967.8249659748627,
        3794.379157932573
      ],
      [
        5034.635783651652,
        132.6922662097253,
        982.6392081807347,
        3850.032741957881
      ],
      [
        4966.901111293671,
        130.90716256290253,
        997.2541486572609,
        3904.937577486158
      ],
      [
        4900.077743031361,
        129.14605124936068,
        1011.6724675808897,
        3959.1037381383812
      ],
      [
        4834.153413524707,
        127.40861515936965,
        1025.8968093477986,
        4012.541161968117
      ],
      [
        4769.1160236115,
        125.6945401042982,
        1039.9297829893728,
        4065.2596532948214
      ],
      [
        4704.953637795935,
        124.00351509610326,
        1053.773962597712,
        4117.268884510243
      ],
      [
        4641.654481836331,
        122.33523254751186,
        1067.4318877573273,
        4168.578397858823
      ],
      [
        4579.206940415159,
        120.68938841186639,
        1080.9060639801235,
        4219.197607192846
      ],
      [
        4517.599554878448,
        119.06568227710468,
        1094.1989631414647,
        4269.135799702977
      ],
      [
        4456.821021034637,
        117.46381742491624,
        1107.3130239156687,
        4318.402137624773
      ],
      [
        4396.8601870051725,
        115.88350086349517,
        1120.2506522096803,
        4367.005659921647
      ],
      [
        4337.706051120934,
        114.32444334031408,
        1133.0142215939914,
        4414.955283944757
      ]
    ]
  },
  "intervention_cost": 6500000.0,
  "defaults_avoided": 761.0915261554226,
  "incremental_prepayments": 458.75886698283557,
  "gross_loss_reduction": 60987800.850133955,
  "net_value": 54487800.850133955,
  "status": "INTERVENTION_CREATES_NET_VALUE"
}
