{
  "months": [
    0,
    1,
    2,
    3,
    4,
    5,
    6,
    7,
    8,
    9,
    10,
    11,
    12,
    13,
    14,
    15,
    16,
    17,
    18,
    19,
    20,
    21,
    22,
    23,
    24,
    25,
    26,
    27,
    28,
    29,
    30,
    31,
    32,
    33,
    34,
    35,
    36,
    37,
    38,
    39,
    40,
    41,
    42,
    43,
    44,
    45,
    46,
    47,
    48,
    49,
    50,
    51,
    52,
    53,
    54,
    55,
    56,
    57,
    58,
    59,
    60,
    61,
    62,
    63,
    64,
    65,
    66,
    67,
    68,
    69,
    70,
    71,
    72
  ],
  "active_loans": [
    20000.0,
    19488.75,
    19001.2153125,
    18535.899779765623,
    18091.41396826072,
    17666.46720374036,
    17259.860210414503,
    16870.4783081095,
    16497.285124875747,
    16139.316785741063,
    15795.676541312796,
    15465.529802704597,
    15148.099551825384,
    14842.662098433277,
    14548.543157541922,
    14265.114222784096,
    13991.789213200766,
    13728.021372644615,
    13473.300402576202,
    13227.149810498713,
    12989.124457632788,
    12758.808290684792,
    12535.812243718075,
    12319.77229720461,
    12110.347682320567,
    11907.219219460243,
    11710.087780783837,
    11518.672867391673,
    11332.711292434738,
    11151.955962134354,
    10976.17474729568,
    10805.149438465096,
    10638.674778403618,
    10476.557566030684,
    10318.615826437994,
    10164.678041984505,
    10014.582439863492,
    9868.176331883618,
    9725.31550252995,
    9585.863641670287,
    9449.691818548621,
    9316.677993962974,
    9186.706567760686,
    9059.66795900219,
    8935.45821634548,
    8813.978656389434,
    8695.135527885843,
    8578.839699888564,
    8465.006372054822,
    8353.554805448892,
    8244.408072323533,
    8137.492823469913,
    8032.739071833546,
    7930.079991192205,
    7829.45172878291,
    7730.793230849121,
    7634.046080156978,
    7539.154344601247,
    7446.0644360878805,
    7354.724978941398,
    7265.086687141923,
    7177.1022497489475,
    7090.72622391728,
    7005.91493495521,
    6922.626382916266,
    6840.82015525396,
    6760.457345104212,
    6681.500474792673,
    6603.913424194226,
    6527.661363599774,
    6452.710690771104,
    6379.028971888321,
    6306.584886116376
  ],
  "monthly_prepayments": [
    481.25,
    458.30156250000005,
    436.81370976562505,
    416.68196183525396,
    397.8096435679643,
    380.10729252025044,
    363.49211198937826,
    347.8874657715935,
    333.2224114473688,
    319.4312692496545,
    306.45322379622905,
    294.2319561751566,
    282.7153040643681,
    271.85494774370403,
    261.60612002151515,
    251.92733824915314,
    242.78015673634678,
    234.1289380094454,
    225.9406414736268,
    218.1846281501777,
    210.83248026154584,
    203.8578345306886,
    197.23622814788922,
    190.94495643823444,
    184.9629413368463,
    179.27060984721288,
    173.84978172098835,
    168.68356565584736,
    163.75626336173093,
    159.0532808954727,
    154.56104670964126,
    150.26693590377974,
    146.15920020532994,
    142.22690324364285,
    138.45986071383302,
    134.84858505803595,
    131.38423432007835,
    128.058564855842,
    124.86388760586847,
    121.79302765915936,
    118.83928685782452,
    115.99640921134304,
    113.25854890685532,
    110.6202407182075,
    108.07637263152617,
    105.62216051900775,
    103.25312470544937,
    100.96506828391041,
    98.75405704784787,
    96.61640091718704,
    94.54863674513345,
    92.54751240116188,
    90.60997203358995,
    88.73314242250557,
    86.91432034061629,
    85.1509608458699,
    83.44066643549465,
    81.78117699646552,
    80.17036049235077,
    78.60620433106315,
    77.08680736226115,
    75.61037245704507,
    74.1751996261932,
    72.77967963651018,
    71.42228808793149,
    70.10157991686648,
    68.8161842938831,
    67.56479988625881,
    66.3461904581592,
    65.1591807832712,
    64.00265284662628,
    62.875542314112224
  ],
  "monthly_defaults": [
    30.0,
    29.233125,
    28.50182296875,
    27.803849669648436,
    27.137120952391083,
    26.499700805610544,
    25.889790315621756,
    25.305717462164253,
    24.745927687313618,
    24.208975178611595,
    23.693514811969195,
    23.1982947040569,
    22.722149327738073,
    22.263993147649916,
    21.822814736312882,
    21.397671334176138,
    20.98768381980115,
    20.59203205896692,
    20.209950603864307,
    19.84072471574807,
    19.48368668644918,
    19.13821243602719,
    18.80371836557712,
    18.479658445806912,
    18.16552152348085,
    17.86082882919036,
    17.56513167117576,
    17.27800930108751,
    16.999066938652106,
    16.72793394320153,
    16.464262120943523,
    16.207724157697644,
    15.958012167605427,
    15.714836349046024,
    15.477923739656994,
    15.247017062976756,
    15.021873659795238,
    14.802264497825425,
    14.587973253794924,
    14.378795462505432,
    14.174537727822932,
    13.97501699094446,
    13.780059851641031,
    13.589501938503284,
    13.40318732451822,
    13.220967984584151,
    13.042703291828763,
    12.868259549832846,
    12.697509558082233,
    12.530332208173338,
    12.366612108485299,
    12.206239235204869,
    12.04910860775032,
    11.895119986788309,
    11.744177593174365,
    11.596189846273681,
    11.451069120235466,
    11.308731516901869,
    11.169096654131822,
    11.032087468412097,
    10.897630030712884,
    10.765653374623422,
    10.63608933587592,
    10.508872402432814,
    10.383939574374399,
    10.261230232880942,
    10.140686017656318,
    10.02225071218901,
    9.90587013629134,
    9.791492045399663,
    9.679066036156655,
    9.568543457832481
  ],
  "effective_prepayment_rates": [
    0.0240625,
    0.023516211275736002,
    0.022988724804263755,
    0.02247972673493397,
    0.021988864124488833,
    0.021515750044229204,
    0.021059968479353566,
    0.020621078988872936,
    0.02019862110189955,
    0.019792118432910934,
    0.01940108250474211,
    0.01902501627352602,
    0.01866341735457503,
    0.018315780952286167,
    0.017981602500584348,
    0.017660380023230192,
    0.017351616225556928,
    0.017054820330917212,
    0.016769509676368914,
    0.01649521108296507,
    0.016231462016491383,
    0.015977811554667314,
    0.015733821176743285,
    0.0154990653911323,
    0.015273132216250622,
    0.015055623529146652,
    0.014846155295801838,
    0.014644357696221704,
    0.014449875156622759,
    0.014262366300183252,
    0.014081503826979628,
    0.013906974332890449,
    0.013738478076426527,
    0.013575728701649201,
    0.013418452924575023,
    0.013266390189738733,
    0.01311929230290197,
    0.012976923045253127,
    0.01283905777384665,
    0.012705483012476648,
    0.012575996036670438,
    0.012450404456020317,
    0.012328525796646051,
    0.012210187086193272,
    0.012095224443422937,
    0.011983482674131515,
    0.011874814874858494,
    0.011769082045585013,
    0.011666152712402034,
    0.011565902560927198,
    0.011468214081073097,
    0.011372976223615107,
    0.011280084068871342,
    0.011189438507689688,
    0.011100945934834587,
    0.011014517954778782,
    0.010930071099830048,
    0.01084752656045948,
    0.010766809927644384,
    0.01068785094699453,
    0.010610583284393956,
    0.010534944302861213,
    0.010460874850307651,
    0.010388319057855571,
    0.010317224148364876,
    0.010247540254807943,
    0.01017922024812691,
    0.01011221957420505,
    0.010046496099584227,
    0.009982009965562647,
    0.009918723450311378,
    0.009856600838653942
  ],
  "surviving_average_propensity": [
    0.9625,
    0.9406484510294401,
    0.9195489921705502,
    0.8991890693973587,
    0.8795545649795533,
    0.860630001769168,
    0.8423987391741427,
    0.8248431595549174,
    0.8079448440759819,
    0.7916847373164372,
    0.7760433001896843,
    0.7610006509410405,
    0.7465366941830012,
    0.7326312380914467,
    0.7192641000233739,
    0.7064152009292077,
    0.6940646490222772,
    0.6821928132366885,
    0.6707803870547565,
    0.6598084433186028,
    0.6492584806596553,
    0.6391124621866925,
    0.6293528470697315,
    0.6199626156452919,
    0.6109252886500249,
    0.602224941165866,
    0.5938462118320735,
    0.585774307848868,
    0.5779950062649103,
    0.5704946520073301,
    0.5632601530791851,
    0.5562789733156179,
    0.549539123057061,
    0.543029148065968,
    0.5367381169830009,
    0.5306556075895493,
    0.5247716921160788,
    0.5190769218101251,
    0.513562310953866,
    0.5082193204990659,
    0.5030398414668175,
    0.49801617824081273,
    0.493141031865842,
    0.48840748344773083,
    0.4838089777369175,
    0.4793393069652606,
    0.4749925949943397,
    0.4707632818234005,
    0.46664610849608124,
    0.46263610243708786,
    0.4587285632429239,
    0.4549190489446042,
    0.45120336275485373,
    0.44757754030758756,
    0.44403783739338354,
    0.44058071819115124,
    0.437202843993202,
    0.4339010624183791,
    0.4306723971057753,
    0.4275140378797812,
    0.42442333137575816,
    0.42139777211444845,
    0.4184349940123061,
    0.41553276231422287,
    0.412688965934595,
    0.4099016101923177,
    0.40716880992507654,
    0.404488782968202,
    0.4018598439833691,
    0.3992803986225058,
    0.39674893801245503,
    0.3942640335461577,
    0.39182433196640826
  ],
  "frailty_class_survivors": [
    [
      9000.0,
      8000.0,
      3000.0
    ],
    [
      8930.25,
      7788.0,
      2770.5
    ],
    [
      8861.0405625,
      7581.618,
      2558.55675
    ],
    [
      8792.367498140624,
      7380.705123,
      2362.8271586250003
    ],
    [
      8724.226650030034,
      7185.116437240499,
      2182.070880990188
    ],
    [
      8656.6138934923,
      6994.7108516536255,
      2015.1424585944385
    ],
    [
      8589.525135817734,
      6809.351014084805,
      1860.984060511964
    ],
    [
      8522.956316015147,
      6628.903212211557,
      1718.6187798827987
    ],
    [
      8456.90340456603,
      6453.237277087951,
      1587.1444432217645
    ],
    [
      8391.362403180643,
      6282.22648924512,
      1465.7278933152995
    ],
    [
      8326.329344555992,
      6115.747487280125,
      1353.599709476679
    ],
    [
      8261.800292135684,
      5953.680178867201,
      1250.049331701713
    ],
    [
      8197.771339871631,
      5795.90765412722,
      1154.4205578265319
    ],
    [
      8134.2386119876255,
      5642.3161012928485,
      1066.1073851528022
    ],
    [
      8071.198262744721,
      5492.794724608588,
      984.5501701886128
    ],
    [
      8008.64647620845,
      5347.23566440646,
      909.2320821691839
    ],
    [
      7946.579466017834,
      5205.533919299689,
      839.6758278832413
    ],
    [
      7884.993475156196,
      5067.587270438246,
      775.4406270501732
    ],
    [
      7823.884775723735,
      4933.296207771633,
      716.119419080835
    ],
    [
      7763.249668711876,
      4802.563858265685,
      661.3362835211511
    ],
    [
      7703.084483779359,
      4675.295916021644,
      610.744057831783
    ],
    [
      7643.3855790300695,
      4551.400574247071,
      564.0221374076516
    ],
    [
      7584.149340792587,
      4430.788459029523,
      520.8744438959662
    ],
    [
      7525.372183401444,
      4313.372564865241,
      481.02754893792485
    ],
    [
      7467.050548980083,
      4199.068191896312,
      444.2289414441736
    ],
    [
      7409.180907225487,
      4087.7928848110596,
      410.2454274236943
    ],
    [
      7351.759755194489,
      3979.4663733635666,
      378.8616522257817
    ],
    [
      7294.783617091732,
      3874.010514469432,
      349.8787358305094
    ],
    [
      7238.249044059271,
      3771.349235835992,
      323.11301253947545
    ],
    [
      7182.152613967811,
      3671.4084810863387,
      298.3948670802056
    ],
    [
      7126.490931209561,
      3574.1161563375504,
      275.56765974856984
    ],
    [
      7071.260626492686,
      3479.402078194605,
      254.48673377780423
    ],
    [
      7016.458356637368,
      3387.197923122448,
      235.0184986438022
    ],
    [
      6962.080804373429,
      3297.437178159703,
      217.03958349755132
    ],
    [
      6908.124678139535,
      3210.055092938471,
      200.43605535998864
    ],
    [
      6854.586711883953,
      3124.9886329756014,
      185.10269712494951
    ],
    [
      6801.463664866853,
      3042.1764342017477,
      170.94234079489087
    ],
    [
      6748.752321464134,
      2961.558758695401,
      157.86525172408173
    ],
    [
      6696.449490972787,
      2883.077451589973,
      145.78855996718949
    ],
    [
      6644.552007417748,
      2806.6758991228385,
      134.6357351296995
    ],
    [
      6593.056729360261,
      2732.298987796083,
      124.33610139227748
    ],
    [
      6541.960539707718,
      2659.893064619487,
      114.82438963576826
    ],
    [
      6491.260345524984,
      2589.4058984070707,
      106.04032382863198
    ],
    [
      6440.953077847165,
      2520.786642099283,
      97.92823905574164
    ],
    [
      6391.035691493849,
      2453.985796083652,
      90.4367287679774
    ],
    [
      6341.505164884772,
      2388.9551724874354,
      83.51831901722713
    ],
    [
      6292.358499856915,
      2325.647860416518,
      77.12916761240925
    ],
    [
      6243.5927214830235,
      2264.0181921154804,
      71.22878629005993
    ],
    [
      6195.2048778915305,
      2204.0217100244204,
      65.77978413887034
    ],
    [
      6147.192040087872,
      2145.615134708773,
      60.74763065224676
    ],
    [
      6099.551301777191,
      2088.756333638991,
      56.10043690734988
    ],
    [
      6052.279779188418,
      2033.4042907975575,
      51.808753483937615
    ],
    [
      6005.3746108997075,
      1979.519077091422,
      47.84538384241638
    ],
    [
      5958.832957665234,
      1927.0618215484994,
      44.18521197847153
    ],
    [
      5912.652002243328,
      1875.9946832774642,
      40.80504326211845
    ],
    [
      5866.828949225943,
      1826.2808241706114,
      37.68345745256639
    ],
    [
      5821.361024869442,
      1777.8843823300901,
      34.80067295744505
    ],
    [
      5776.245476926704,
      1730.7704461983426,
      32.138421476200506
    ],
    [
      5731.479574480522,
      1684.9050293740866,
      29.679832233271167
    ],
    [
      5687.060607778299,
      1640.2550460956734,
      27.409325067425925
    ],
    [
      5642.985888068017,
      1596.788287374138,
      25.312511699767843
    ],
    [
      5599.252747435489,
      1554.4733977587234,
      23.3761045547356
    ],
    [
      5555.858538642864,
      1513.2798527181174,
      21.587832556298327
    ],
    [
      5512.800634968381,
      1473.1779366210874,
      19.936363365741506
    ],
    [
      5470.076430047376,
      1434.1387213006285,
      18.41123156826228
    ],
    [
      5427.6833377145085,
      1396.1340451861618,
      17.002772353290215
    ],
    [
      5385.618791847221,
      1359.1364929887284,
      15.702060268263514
    ],
    [
      5343.880246210405,
      1323.119375924527,
      14.500852657741355
    ],
    [
      5302.465174302274,
      1288.0567124625272,
      13.391537429424142
    ],
    [
      5261.371069201431,
      1253.9232095822701,
      12.367084816073195
    ],
    [
      5220.59544341512,
      1220.69424452834,
      11.421002827643594
    ],
    [
      5180.135828728653,
      1188.345847048339,
      10.547296111328858
    ],
    [
      5139.989776056006,
      1156.854682101558,
      9.740427958812202
    ]
  ],
  "cumulative_prepayments": 12500.335972051007,
  "cumulative_defaults": 1193.079141832606,
  "naive_homogeneous_cumulative_prepayments": 15908.611934429699,
  "naive_overprediction_fraction": 0.27265474864028594,
  "status": "BURNOUT_SELECTION_FORECAST_READY"
}
