{
  "assignment": [
    0,
    1,
    1,
    1,
    1,
    1,
    0,
    1,
    1,
    1,
    1,
    1,
    0,
    1,
    0,
    1,
    1,
    0,
    1,
    1,
    1,
    0,
    0,
    0,
    0,
    1,
    1,
    0,
    1,
    1,
    0,
    1,
    0,
    1,
    1,
    0,
    1,
    1,
    1,
    1,
    0,
    1,
    0,
    0,
    0,
    0,
    0,
    0,
    1,
    0,
    1,
    0,
    0,
    0,
    0,
    0,
    0,
    0,
    1,
    1,
    0,
    1,
    1,
    1,
    0,
    1,
    0,
    0,
    1,
    0,
    0,
    0,
    0,
    0,
    1,
    0,
    0,
    0,
    1,
    1
  ],
  "treated_count": 40,
  "control_count": 40,
  "randomization_draws": 8000,
  "acceptance_fraction": 0.01,
  "accepted_pool_size": 80,
  "mahalanobis_distance": 0.026140232419395032,
  "acceptance_cutoff": 0.028503012137954347,
  "distance_percentile": 0.00825,
  "standardized_mean_differences": [
    -0.1242398984179432,
    -0.026831305261883112,
    -0.09666156082140703,
    -0.11065749006092863,
    0.03992133546517179
  ],
  "maximum_absolute_standardized_difference": 0.1242398984179432,
  "constant_covariate_indices": [],
  "baseline_first_draw_distance": 0.18693300530453758,
  "improvement_over_first_draw": 0.8601625626421119,
  "status": "RANDOMIZED_WITHIN_ACCEPTANCE_REGION"
}
