{
  "release": "R388_SHADOW_RETRO50_NATIVE_INTEGRATION",
  "authority_status": "SHADOW_ONLY_NO_PRODUCT_PROMOTION",
  "registry_record_count_unchanged": 310,
  "retro50_record_count": 50,
  "current_nonretro_parent_count": 19,
  "candidate_count_involving_retro50": 6409,
  "legacy_policy_eligible_candidate_count": 5597,
  "new_same_parent_family_candidate_count": 812,
  "retro_to_retro_candidate_count": 422,
  "retro_to_current_parent_candidate_count": 250,
  "current_parent_to_retro_candidate_count": 140,
  "carried_r386_disposition_count": 288,
  "current_adjudication_count": 0,
  "completed_suite_pair_count": 10,
  "fresh_adjudication_count": 6115,
  "fresh_same_parent_family_count": 812,
  "fresh_existing_native_space_count": 5303,
  "candidate_origin_counts": {
    "R388_RETRO50_EXISTING_NATIVE_SPACE": 5597,
    "R388_RETRO50_SAME_PARENT_EXPANSION": 812
  },
  "counterpart_family_counts": {
    "FOUNDRY_PRODUCT": 3615,
    "FOUNDRY_PARENT": 812,
    "LCB_KERNEL": 1982
  },
  "nonclaims": [
    "candidate generation is not product-family promotion",
    "R386 static collapse labels are carried as triage provenance, not certified equivalence",
    "Retro50 standalone products remain a separate reservoir and do not increment Quality34 automatically"
  ]
}
top fresh
7 PARENT:R037_SUPPORT_COVARIANCE_SACPS -> PARENT:IM334_IM094_DRE 36.0 R388_RETRO50_SAME_PARENT_EXPANSION ['gate'] ['decision', 'support', 'uncertainty']
8 PARENT:R037_SUPPORT_COVARIANCE_SACPS -> PARENT:IM359_IM014_AICC 36.0 R388_RETRO50_SAME_PARENT_EXPANSION ['gate'] ['decision', 'support', 'uncertainty']
9 PARENT:R037_SUPPORT_COVARIANCE_SACPS -> PARENT:IM406_IM037_ACRA 36.0 R388_RETRO50_SAME_PARENT_EXPANSION ['gate'] ['decision', 'support', 'uncertainty']
19 PARENT:IM334_IM094_DRE -> PARENT:R008_E612_E613_LGID 34.0 R388_RETRO50_SAME_PARENT_EXPANSION ['boundary', 'evidence', 'gate'] ['uncertainty']
20 PARENT:IM334_IM094_DRE -> PARENT:R014_S781_S792_ACSA 34.0 R388_RETRO50_SAME_PARENT_EXPANSION ['boundary', 'evidence', 'gate'] ['uncertainty']
21 PARENT:IM334_IM094_DRE -> PARENT:R018_M866_M880_MCSC 34.0 R388_RETRO50_SAME_PARENT_EXPANSION ['boundary', 'evidence', 'gate'] ['uncertainty']
22 PARENT:IM334_IM094_DRE -> PARENT:R041_CONSTRAINED_POLICY_CAPL 34.0 R388_RETRO50_SAME_PARENT_EXPANSION ['boundary', 'evidence', 'gate'] ['uncertainty']
23 PARENT:IM334_IM094_DRE -> PARENT:R044_DECISION_LOSS_DLEW 34.0 R388_RETRO50_SAME_PARENT_EXPANSION ['boundary', 'evidence', 'gate'] ['uncertainty']
38 PARENT:R037_SUPPORT_COVARIANCE_SACPS -> PARENT:IM178_IM326_TWMR 32.0 R388_RETRO50_SAME_PARENT_EXPANSION [] ['decision', 'support', 'uncertainty']
39 PARENT:R037_SUPPORT_COVARIANCE_SACPS -> PARENT:R020_P848_P851_SCCRT 32.0 R388_RETRO50_SAME_PARENT_EXPANSION [] ['decision', 'support', 'uncertainty']
45 PARENT:IM334_IM094_DRE -> PARENT:R020_P848_P851_SCCRT 31.0 R388_RETRO50_SAME_PARENT_EXPANSION ['evidence'] ['decision', 'uncertainty']
46 PARENT:IM406_IM037_ACRA -> PARENT:R020_P848_P851_SCCRT 31.0 R388_RETRO50_SAME_PARENT_EXPANSION ['evidence'] ['decision', 'uncertainty']
60 PARENT:R037_SUPPORT_COVARIANCE_SACPS -> PARENT:IM340_IM280_CWC 31.0 R388_RETRO50_SAME_PARENT_EXPANSION ['gate'] ['support', 'uncertainty']
61 PARENT:R037_SUPPORT_COVARIANCE_SACPS -> PARENT:R008_E612_E613_LGID 31.0 R388_RETRO50_SAME_PARENT_EXPANSION ['gate'] ['support', 'uncertainty']
62 PARENT:R037_SUPPORT_COVARIANCE_SACPS -> PARENT:R014_S781_S792_ACSA 31.0 R388_RETRO50_SAME_PARENT_EXPANSION ['gate'] ['support', 'uncertainty']
63 PARENT:R037_SUPPORT_COVARIANCE_SACPS -> PARENT:R018_M866_M880_MCSC 31.0 R388_RETRO50_SAME_PARENT_EXPANSION ['gate'] ['support', 'uncertainty']
64 PARENT:R037_SUPPORT_COVARIANCE_SACPS -> PARENT:R041_CONSTRAINED_POLICY_CAPL 31.0 R388_RETRO50_SAME_PARENT_EXPANSION ['gate'] ['support', 'uncertainty']
65 PARENT:R037_SUPPORT_COVARIANCE_SACPS -> PARENT:R044_DECISION_LOSS_DLEW 31.0 R388_RETRO50_SAME_PARENT_EXPANSION ['gate'] ['support', 'uncertainty']
67 PARENT:R038_DECISION_HEDGE_DHCC -> PARENT:IM334_IM094_DRE 31.0 R388_RETRO50_SAME_PARENT_EXPANSION ['gate'] ['decision', 'uncertainty']
68 PARENT:R038_DECISION_HEDGE_DHCC -> PARENT:IM359_IM014_AICC 31.0 R388_RETRO50_SAME_PARENT_EXPANSION ['gate'] ['decision', 'uncertainty']
