IM178_IM326_TWMR demo_target_model_reduction.py EXECUTED
IM256_IM307_OTE demo_orthogonal_target.py EXECUTED
IM124_IM256_TSRC demo_target_reduction.py EXECUTED
IM141_IM023_CDBL demo_deployable_network.py EXECUTED
IM306_IM222_HMRM demo_hidden_resilience.py EXECUTED
IM340_IM280_CWC demo_coverage_control.py EXECUTED
IM139_IM250_CCVC demo_resource_circulation.py EXECUTED
IM274_IM290_OWS demo_weight_stabilization.py EXECUTED
IM401_IM030_MFPA demo_failure_architecture.py EXECUTED
IM406_IM037_ACRA demo_resolution_allocation.py EXECUTED
IM334_IM094_DRE demo_decision_exploration.py EXECUTED
IM440_IM029_REL demo_relational_localization.py EXECUTED
IM445_IM085_CSID demo_contract_design.py EXECUTED
IM452_IM015_LCM demo_liquidity_conversion.py EXECUTED
IM455_IM094_DTTC demo_trigger_design.py EXECUTED
R001_C313_BPISD demo_persuasion.py EXECUTED
R002_C326_HFAD demo_flow_attribution.py EXECUTED
R003_C333_RIC demo_integrality_audit.py EXECUTED
R004_C344_OFLS demo_redemption_policies.py EXECUTED
R005_P572_SLERM demo_lock_in.py EXECUTED
R006_P579_P580_UTDIM demo_double_diffusion.py EXECUTED
R007_C349_BICC demo_influence_audit.py EXECUTED
R008_E612_E613_LGID demo_incidence.py EXECUTED
IM359_IM014_AICC demo_adaptive_channels.py EXECUTED
R010_C359_PPSA demo_privacy_pipeline.py EXECUTED
R011_C360_MCPR demo_market_clear.py EXECUTED
R009_P620_CSDC demo_coarsening.py EXECUTED
R012_P660_APTC demo_ambipolar.py EXECUTED
R014_S781_S792_ACSA demo_selection.py EXECUTED
R015_P767_PCBE demo_breakthrough.py EXECUTED
R013_C376_OWNM demo_control_wedge.py EXECUTED
R016_M821_M839_FCMS demo_microstructure.py EXECUTED
R017_C389_PRIU demo_priority_reset.py EXECUTED
IM421_IM094_DTPR demo_emergency_allocation.py EXECUTED
R018_M866_M880_MCSC demo_comparative_statics.py EXECUTED
R019_P858_P859_VICO demo_coupling.py EXECUTED
R020_P848_P851_SCCRT demo_catalyst.py EXECUTED
R022_E404_E405_CDA demo_channel_dominance.py EXECUTED
R023_M421_M428_CORMA demo_state_audit.py EXECUTED
R024_M423_M426_BRED demo_balanced_reduction.py EXECUTED
R025_M435_M436_WBDP demo_distribution_plan.py EXECUTED
R021_M896_TFLD demo_localization.py EXECUTED
R026_S423_S424_EBC demo_evidence_borrowing.py EXECUTED
R027_S426_S427_MIFF demo_firewall.py EXECUTED
R028_S418_S439_TDSX demo_tipping_surface.py EXECUTED
R029_S440_SCE demo_specification_curve.py EXECUTED
R030_P428_P429_ISPO demo_search.py EXECUTED
R031_P430_RTO demo_heavy_tail_restart.py EXECUTED
R033_M420_OASRD demo_averaging.py EXECUTED
R034_P435_RSPI demo_remote_sync.py EXECUTED
IM421_IM094_DTPR demo_multisite_allocation.py EXECUTED
R036_DERIVATIVE_FREE_DFDPE demo_dynamic_estimation.py EXECUTED
R032_M437_UMCA demo_stock_reconciliation.py EXECUTED
R037_SUPPORT_COVARIANCE_SACPS demo_covariance.py EXECUTED
R038_DECISION_HEDGE_DHCC demo_hedge.py EXECUTED
R039_DECISION_BELIEF_DSBC demo_belief_compression.py EXECUTED
R040_M147_SALC demo_lumpability.py EXECUTED
R035_M007_ENPC demo_factor_neutral.py EXECUTED
R042_PREDICTIVE_STATE_PSCT demo_predictive_state.py EXECUTED
R043_S159_S930_SRCD demo_reporting_contracts.py EXECUTED
R044_DECISION_LOSS_DLEW demo_decision_loss.py EXECUTED
R046_METRIC_DECISION_MDDC demo_divergence.py EXECUTED
R047_MORTGAGE_COMPETING_MCRIS demo_mortgage.py EXECUTED
R048_MORTGAGE_BURNOUT_MBPF demo_burnout.py EXECUTED
R049_S096_S803_MLHPE demo_hidden_population.py EXECUTED
R050_M583_S745_CBAC demo_balanced_assignment.py EXECUTED
R045_TARGET_MEMORY_ATRC demo_retention.py EXECUTED
R041_CONSTRAINED_POLICY_CAPL demo_policy.py EXECUTED
IM374_IM272_DSDA demo_fatigue_detection.py EXECUTED
FAILURES 0 OF 69
