P004_BAMI__test_bami 0
P003_SANP__test_sanp 0
P005_CARF__test_carf 0
P006_VPRL__test_vprl 0
P007_VCPA__test_vcpa 0
P008_CCTD__test_cctd 0
P009_URAI__test_urai 0
P001_DREW__test_drew 0
P010_DPHO__test_dpho 0
P011_IDLG__test_idlg 0
P012_PQDR__test_pqdr 0
P014_DARI__test_dari 0
P013_CFDR__test_cfdr 0
P017_RECS__test_recs 0
P016_CATR__test_catr 0
P015_CPDR__test_cpdr 0
P018_DPCG__test_dpcg 0
P020_REDT__test_redt 0
P019_DATC__test_datc 0
P021_MRIA__test_mria 0
P002_DCPS__test_dcps 0
P022_AFHA__test_afha 0
P023_COST__test_cost 0
P024_TFRD__test_tfrd 0
P025_IDRE__test_idre 0
P026_DBTE__test_dbte 0
P027_IDAC__test_idac 0
P028_REIS__test_reis 0
P029_RATR__test_ratr 0
P030_FPTE__test_fpte 0
P031_EVLT__test_evlt 0
P032_SGOT__test_sgot 0
P033_CATF__test_catf 0
P034_UGIM__test_ugim 0
P035_SVCO__test_svco 0
P036_MAWT__test_mawt 0
P037_MCST__test_mcst 0
P038_LIDA__test_lida 0
P039_CACF__test_cacf 0
P040_BAPC__test_bapc 0
P041_DDER__test_dder 0
P042_HPMD__test_hpmd 0
P043_DABR__test_dabr 0
P044_MFTS__test_mfts 0
P045_BDTS__test_bdts 0
P046_DTRC__test_dtrc 0
P047_RALA__test_rala 0
P048_SARA__test_sara 0
P049_OGRM__test_ogrm 0
P050_CPWT__test_cpwt 0
P051_ICHA__test_icha 0
P052_VCTS__test_vcts 0
P053_GWDA__test_gwda 0
P054_MCSA__test_mcsa 0
P055_SLHA__test_slha 0
P056_CFTS__test_cfts 0
P057_FIAC__test_fiac 0
P058_VLRB__test_vlrb 0
P059_SBTE__test_sbte 0
P060_PFVT__test_pfvt 0
P061_RSGF__test_rsgf 0
P062_WDTG__test_wdtg 0
P063_RBTE__test_rbte 0
P064_DSGD__test_dsgd 0
P065_SWTE__test_swte 0
P066_PDRE__test_pdre 0
P067_DARA__test_dara 0
P068_RECT__test_rect 0
P069_PSHA__test_psha 0
P070_UTIA__test_utia 0
P071_HPDT__test_hpdt 0
P072_RMHA__test_rmha 0
P073_FCDL__test_fcdl 0
P075_DLAG__test_dlag 0
P074_PBIA__test_pbia 0
P076_MCFS__test_mcfs 0
P077_DGMC__test_dgmc 0
P079_CBIA__test_cbia 0
P078_IARA__test_iara 0
P080_RAMR__test_ramr 0
P081_AHSA__test_ahsa 0
P082_CDTS__test_cdts 0
P083_HEAG__test_heag 0
P084_CAVT__test_cavt 0
P085_HPCT__test_hpct 0
P086_FPSD__test_fpsd 0
P087_EVTS__test_evts 0
P088_LFTS__test_lfts 0
P089_OCTS__test_octs 0
P090_SWDL__test_swdl 0
P091_DCBT__test_dcbt 0
P092_PDAT__test_pdat 0
P093_BMDT__test_bmdt 0
P094_OCGS__test_ocgs 0
P095_GSSA__test_gssa 0
P096_TRIA__test_tria 0
P097_BDSD__test_bdsd 0
P098_SAHA__test_saha 0
P099_CAPA__test_capa 0
P100_WICA__test_wica 0
P101_PRSW__test_prsw 0
P103_CFAI__test_cfai 0
P102_LLFD__test_llfd 0
P104_SGPR__test_sgpr 0
P105_PRAS__test_pras 0
P106_RCHA__test_rcha 0
P107_LDLA__test_ldla 0
P108_OSTS__test_osts 0
P109_CCIA__test_ccia 0
P111_LVAI__test_lvai 0
P110_MBTS__test_mbts 0
P112_RTTS__test_rtts 0
P113_QDLA__test_qdla 0
P115_PAAC__test_paac 0
P114_HPAC__test_hpac 0
P116_FCAC__test_fcac 0
P117_MFAC__test_mfac 0
P118_MRAC__test_mrac 0
P119_RAPT__test_rapt 0
P120_PCAR__test_pcar 0
P121_MSGD__test_msgd 0
P122_CAGD__test_cagd 0
P123_SCGD__test_scgd 0
P124_HCGD__test_hcgd 0
P125_MIGD__test_migd 0
P126_TRGD__test_trgd 0
P127_HPSG__test_hpsg 0
P128_PPGD__test_ppgd 0
P129_LIGD__test_ligd 0
P131_OCMA__test_ocma 0
P130_CRGD__test_crgd 0
P132_CARA__test_cara 0
P133_TRRA__test_trra 0
P134_REIG__test_reig 0
P134_REIG__test_reig_unittest 0
P136_QAIG__test_qaig 0
P138_SPIA__test_spia 0
P135_CARS__test_cars 0
P139_PAOS__test_paos 0
P140_BOSA__test_bosa 0
P141_PCFT__test_pcft 0
P142_BMSA__test_bmsa 0
P144_DPAI__test_dpai 0
P145_RTHA__test_rtha 0
P143_DLIC__test_dlic 0
P137_MPHA__test_mpha 0
FAILED 0 OF 146
