test_average_does_not_hide_worse_case (test_compare.ComparisonTests.test_average_does_not_hide_worse_case) ... ok
test_deterministic_bootstrap (test_compare.ComparisonTests.test_deterministic_bootstrap) ... ok
test_duplicate_not_independent (test_compare.ComparisonTests.test_duplicate_not_independent) ... ok
test_missing_baseline_rejected (test_compare.ComparisonTests.test_missing_baseline_rejected) ... ok
test_nonfinite_rejected (test_compare.ComparisonTests.test_nonfinite_rejected) ... ok
test_timing_repetitions_not_independent (test_compare.ComparisonTests.test_timing_repetitions_not_independent) ... ok
test_recovered_id_routes_to_recovered_contract (test_components.ComponentTests.test_recovered_id_routes_to_recovered_contract) ... ok
test_stable_foundry_id_routes_to_its_tests (test_components.ComponentTests.test_stable_foundry_id_routes_to_its_tests) ... ok
test_unknown_id_explained (test_components.ComponentTests.test_unknown_id_explained) ... ok
test_error_has_receipt (test_experiment.ExperimentTests.test_error_has_receipt) ... ok
test_outside_entry_rejected (test_experiment.ExperimentTests.test_outside_entry_rejected) ... ok
test_overwrite_confined_to_workspace (test_experiment.ExperimentTests.test_overwrite_confined_to_workspace) ... ok
test_discovery_matches_original_scope (test_runner.RunnerTests.test_discovery_matches_original_scope) ... ok
test_editing_source_does_not_block_normal_tests (test_runner.RunnerTests.test_editing_source_does_not_block_normal_tests) ... edited: PASS
ok
test_empty_suite_not_pass (test_runner.RunnerTests.test_empty_suite_not_pass) ... empty: FAIL
ok
test_explicit_package_verification_still_blocks_mismatch (test_runner.RunnerTests.test_explicit_package_verification_still_blocks_mismatch) ... ok
test_failure_retains_pass_and_continues (test_runner.RunnerTests.test_failure_retains_pass_and_continues) ... pass: PASS
fail: FAIL
after: PASS
ok
test_junit_counts_actual_cases (test_runner.RunnerTests.test_junit_counts_actual_cases) ... ok
test_no_targets_is_error (test_runner.RunnerTests.test_no_targets_is_error) ... ok
test_runs_do_not_overwrite (test_runner.RunnerTests.test_runs_do_not_overwrite) ... ok: PASS
ok: PASS
ok
test_skipped_is_not_passed (test_runner.RunnerTests.test_skipped_is_not_passed) ... skip: FAIL
ok
test_source_and_environment_receipts (test_runner.RunnerTests.test_source_and_environment_receipts) ... ok: PASS
ok
test_timeout_recorded (test_runner.RunnerTests.test_timeout_recorded) ... timeout: TIMEOUT
ok

----------------------------------------------------------------------
Ran 23 tests in 6.179s

OK
