test_packet_auto_uses_canonical_telemetry_for_exact_bootstrap_shell (test_r12_closure.AutoTelemetryRoutingTests.test_packet_auto_uses_canonical_telemetry_for_exact_bootstrap_shell) ... ok
test_current_memory_does_not_fake_empirical_learning (test_r12_closure.CampaignMemoryTests.test_current_memory_does_not_fake_empirical_learning) ... ok
test_only_explicit_empirical_events_can_become_relevance_feedback (test_r12_closure.CampaignMemoryTests.test_only_explicit_empirical_events_can_become_relevance_feedback) ... ok
test_protected_validation_cannot_be_marked_learning_eligible (test_r12_closure.CampaignMemoryTests.test_protected_validation_cannot_be_marked_learning_eligible) ... ok
test_completed_edge_carries_product_and_telemetry (test_r12_closure.InteractionMapTests.test_completed_edge_carries_product_and_telemetry) ... ok
test_completed_rejected_and_hypothesis_are_distinct (test_r12_closure.InteractionMapTests.test_completed_rejected_and_hypothesis_are_distinct) ... ok
test_inferred_candidates_do_not_enter_search_adjacency (test_r12_closure.InteractionMapTests.test_inferred_candidates_do_not_enter_search_adjacency) ... ok
test_interaction_map_covers_every_search_node_without_inventing_edges (test_r12_closure.InteractionMapTests.test_interaction_map_covers_every_search_node_without_inventing_edges) ... ok
test_parent_provenance_products_are_all_mapped (test_r12_closure.InteractionMapTests.test_parent_provenance_products_are_all_mapped) ... ok
test_rejected_edges_are_inactive_but_preserved (test_r12_closure.InteractionMapTests.test_rejected_edges_are_inactive_but_preserved) ... ok
test_packet_carries_map_and_telemetry_fingerprints (test_r12_closure.SearchTraceTests.test_packet_carries_map_and_telemetry_fingerprints) ... ok
test_corpus_primitive_text_is_simple_and_provenance_is_separate (test_r12_closure.SimpleLexiconTests.test_corpus_primitive_text_is_simple_and_provenance_is_separate) ... ok
test_identity_ignores_domain_and_source_label (test_r12_closure.SimpleLexiconTests.test_identity_ignores_domain_and_source_label) ... ok
test_all_completed_suites_are_calibrated (test_r12_closure.TelemetryClosureTests.test_all_completed_suites_are_calibrated) ... ok
test_all_current_bootstrap_events_match_current_suites (test_r12_closure.TelemetryClosureTests.test_all_current_bootstrap_events_match_current_suites) ... ok
test_queue_is_hydrated_from_canonical_telemetry (test_r12_closure.TelemetryClosureTests.test_queue_is_hydrated_from_canonical_telemetry) ... ok
test_canonical_runtime_event_survives_registry_refresh (test_r12_closure.TelemetryPersistenceTests.test_canonical_runtime_event_survives_registry_refresh) ... ok
test_current_control_plane_contains_the_r387_suite_set (test_r387_product_overlay_closure.R387ProductOverlayClosureTests.test_current_control_plane_contains_the_r387_suite_set) ... ok
test_mechanics_telemetry_is_not_empirical_learning (test_r387_product_overlay_closure.R387ProductOverlayClosureTests.test_mechanics_telemetry_is_not_empirical_learning) ... ok
test_promoted_and_quarantined_ids_are_disjoint_and_complete (test_r387_product_overlay_closure.R387ProductOverlayClosureTests.test_promoted_and_quarantined_ids_are_disjoint_and_complete) ... ok
test_quality_family_accounting_is_distinct_from_suite_count (test_r387_product_overlay_closure.R387ProductOverlayClosureTests.test_quality_family_accounting_is_distinct_from_suite_count) ... ok
test_r386_overlay_history_remains_intact (test_r387_product_overlay_closure.R387ProductOverlayClosureTests.test_r386_overlay_history_remains_intact) ... ok
test_registry_authority_is_not_inflated (test_r387_product_overlay_closure.R387ProductOverlayClosureTests.test_registry_authority_is_not_inflated) ... ok
test_state_keeps_r387_authority_separate_from_later_candidate_overlays (test_r387_product_overlay_closure.R387ProductOverlayClosureTests.test_state_keeps_r387_authority_separate_from_later_candidate_overlays) ... ok
test_authority_transition_is_explicit_not_inferred_from_candidate_state (test_r388_retro50_parent_integration_closure.R388Retro50ParentIntegrationClosureTests.test_authority_transition_is_explicit_not_inferred_from_candidate_state) ... ok
test_candidate_overlay_is_48_suites_35_internal_families_without_registry_mutation (test_r388_retro50_parent_integration_closure.R388Retro50ParentIntegrationClosureTests.test_candidate_overlay_is_48_suites_35_internal_families_without_registry_mutation) ... ok
test_control_plane_closes_over_48_candidate_suites (test_r388_retro50_parent_integration_closure.R388Retro50ParentIntegrationClosureTests.test_control_plane_closes_over_48_candidate_suites) ... ok
test_full_candidate_universe_is_preserved_beyond_operational_top1000 (test_r388_retro50_parent_integration_closure.R388Retro50ParentIntegrationClosureTests.test_full_candidate_universe_is_preserved_beyond_operational_top1000) ... ok
test_mechanics_events_remain_nonlearning (test_r388_retro50_parent_integration_closure.R388Retro50ParentIntegrationClosureTests.test_mechanics_events_remain_nonlearning) ... ok
test_parent_provenance_bucket_no_longer_hides_parent_pairs (test_r388_retro50_parent_integration_closure.R388Retro50ParentIntegrationClosureTests.test_parent_provenance_bucket_no_longer_hides_parent_pairs) ... ok
test_v2p049_is_exactly_calibrated (test_r388_retro50_parent_integration_closure.R388Retro50ParentIntegrationClosureTests.test_v2p049_is_exactly_calibrated) ... ok
test_authority_transition_is_explicit (test_r389_product_overlay_closure.R389Closure.test_authority_transition_is_explicit) ... ok
test_control_plane (test_r389_product_overlay_closure.R389Closure.test_control_plane) ... ok
test_mechanics_nonlearning (test_r389_product_overlay_closure.R389Closure.test_mechanics_nonlearning) ... ok
test_overlay_counts (test_r389_product_overlay_closure.R389Closure.test_overlay_counts) ... ok
test_quality_controls_present (test_r389_product_overlay_closure.R389Closure.test_quality_controls_present) ... ok
test_state_overlay_separate_from_authority (test_r389_product_overlay_closure.R389Closure.test_state_overlay_separate_from_authority) ... ok
test_v2p050_exact_shell (test_r389_product_overlay_closure.R389Closure.test_v2p050_exact_shell) ... ok
test_visibility_inherited (test_r389_product_overlay_closure.R389Closure.test_visibility_inherited) ... ok
test_authority_transition_is_explicit (test_r390_product_overlay_closure.R390Closure.test_authority_transition_is_explicit) ... ok
test_candidate_counts_and_quarantine (test_r390_product_overlay_closure.R390Closure.test_candidate_counts_and_quarantine) ... ok
test_control_plane_closes_over_50 (test_r390_product_overlay_closure.R390Closure.test_control_plane_closes_over_50) ... ok
test_mechanics_nonlearning (test_r390_product_overlay_closure.R390Closure.test_mechanics_nonlearning) ... ok
test_quality_controls_present (test_r390_product_overlay_closure.R390Closure.test_quality_controls_present) ... ok
test_registry455_unchanged (test_r390_product_overlay_closure.R390Closure.test_registry455_unchanged) ... ok
test_state_overlay_separate_from_authority (test_r390_product_overlay_closure.R390Closure.test_state_overlay_separate_from_authority) ... ok
test_v2p051_exact_shell (test_r390_product_overlay_closure.R390Closure.test_v2p051_exact_shell) ... ok
test_visibility_inherited (test_r390_product_overlay_closure.R390Closure.test_visibility_inherited) ... ok
test_authority_transition_is_explicit (test_r391_product_overlay_closure.R391Closure.test_authority_transition_is_explicit) ... ok
test_candidate_counts_and_quarantine (test_r391_product_overlay_closure.R391Closure.test_candidate_counts_and_quarantine) ... ok
test_control_plane_closes_over_51 (test_r391_product_overlay_closure.R391Closure.test_control_plane_closes_over_51) ... ok
test_mechanics_nonlearning (test_r391_product_overlay_closure.R391Closure.test_mechanics_nonlearning) ... ok
test_quality_controls_present (test_r391_product_overlay_closure.R391Closure.test_quality_controls_present) ... ok
test_refresh_discovers_latest_overlay_dynamically (test_r391_product_overlay_closure.R391Closure.test_refresh_discovers_latest_overlay_dynamically) ... ok
test_registry455_unchanged (test_r391_product_overlay_closure.R391Closure.test_registry455_unchanged) ... ok
test_state_overlay_separate_from_authority (test_r391_product_overlay_closure.R391Closure.test_state_overlay_separate_from_authority) ... ok
test_v2p052_exact_shell (test_r391_product_overlay_closure.R391Closure.test_v2p052_exact_shell) ... ok
test_visibility_inherited (test_r391_product_overlay_closure.R391Closure.test_visibility_inherited) ... ok
test_authority_transition_is_explicit (test_r392_product_overlay_closure.R392Closure.test_authority_transition_is_explicit) ... ok
test_candidate_counts_and_quarantine (test_r392_product_overlay_closure.R392Closure.test_candidate_counts_and_quarantine) ... ok
test_control_plane_closes_over_52 (test_r392_product_overlay_closure.R392Closure.test_control_plane_closes_over_52) ... ok
test_full_visibility_not_top1000_only (test_r392_product_overlay_closure.R392Closure.test_full_visibility_not_top1000_only) ... ok
test_mechanics_nonlearning (test_r392_product_overlay_closure.R392Closure.test_mechanics_nonlearning) ... ok
test_quality_controls_present (test_r392_product_overlay_closure.R392Closure.test_quality_controls_present) ... ok
test_registry455_unchanged (test_r392_product_overlay_closure.R392Closure.test_registry455_unchanged) ... ok
test_state_overlay_separate_from_authority (test_r392_product_overlay_closure.R392Closure.test_state_overlay_separate_from_authority) ... ok
test_v2p053_exact_shell (test_r392_product_overlay_closure.R392Closure.test_v2p053_exact_shell) ... ok
test_visibility_inherited (test_r392_product_overlay_closure.R392Closure.test_visibility_inherited) ... ok

----------------------------------------------------------------------
Ran 68 tests in 2.681s

OK
