=== V2P042_ATSCWC ===
........
----------------------------------------------------------------------
Ran 8 tests in 36.838s

OK
=== V2P043_CBSCG ===
........
----------------------------------------------------------------------
Ran 8 tests in 0.851s

OK
=== V2P044_PIPEG ===
........
----------------------------------------------------------------------
Ran 8 tests in 0.570s

OK
=== V2P045_FPTWC ===
........
----------------------------------------------------------------------
Ran 8 tests in 0.002s

OK
=== V2P046_MTCWC ===
........
----------------------------------------------------------------------
Ran 8 tests in 0.190s

OK
=== V2P048_CBIACCVC ===
........
----------------------------------------------------------------------
Ran 8 tests in 0.052s

OK
