{
  "status": "PASS",
  "runs": [
    {
      "label": "foundry_806",
      "exit_code": 0,
      "stdout": "{\n  \"parent_test_files\": 69,\n  \"product_test_files\": 145,\n  \"test_files_passed\": 214,\n  \"test_files_failed\": 0,\n  \"tests_counted\": 806\n}",
      "stderr": ""
    },
    {
      "label": "core_v2",
      "exit_code": 0,
      "stdout": "",
      "stderr": ".....\n----------------------------------------------------------------------\nRan 5 tests in 0.000s\n\nOK"
    },
    {
      "label": "foundry_integration",
      "exit_code": 0,
      "stdout": "",
      "stderr": "...........\n----------------------------------------------------------------------\nRan 11 tests in 0.096s\n\nOK"
    },
    {
      "label": "search_engine",
      "exit_code": 0,
      "stdout": "",
      "stderr": ".......\n----------------------------------------------------------------------\nRan 7 tests in 0.047s\n\nOK"
    },
    {
      "label": "search_corpus",
      "exit_code": 0,
      "stdout": "",
      "stderr": "..\n----------------------------------------------------------------------\nRan 2 tests in 1.518s\n\nOK"
    },
    {
      "label": "relevance_learning",
      "exit_code": 0,
      "stdout": "",
      "stderr": "........\n----------------------------------------------------------------------\nRan 8 tests in 0.005s\n\nOK"
    },
    {
      "label": "experiment_selector",
      "exit_code": 0,
      "stdout": "",
      "stderr": "..........\n----------------------------------------------------------------------\nRan 10 tests in 0.003s\n\nOK"
    },
    {
      "label": "experiment_telemetry",
      "exit_code": 0,
      "stdout": "",
      "stderr": "........\n----------------------------------------------------------------------\nRan 8 tests in 0.005s\n\nOK"
    },
    {
      "label": "experiment_integration",
      "exit_code": 0,
      "stdout": "",
      "stderr": "........\n----------------------------------------------------------------------\nRan 8 tests in 25.941s\n\nOK"
    },
    {
      "label": "experiment_contract_bootstrap",
      "exit_code": 0,
      "stdout": "",
      "stderr": ".....\n----------------------------------------------------------------------\nRan 5 tests in 12.102s\n\nOK"
    },
    {
      "label": "V2P001_SAVA",
      "exit_code": 0,
      "stdout": "",
      "stderr": "......\n----------------------------------------------------------------------\nRan 6 tests in 0.001s\n\nOK"
    },
    {
      "label": "V2P002_MFQA",
      "exit_code": 0,
      "stdout": "",
      "stderr": "......\n----------------------------------------------------------------------\nRan 6 tests in 0.015s\n\nOK"
    },
    {
      "label": "V2P003_MFPD",
      "exit_code": 0,
      "stdout": "",
      "stderr": "............\n----------------------------------------------------------------------\nRan 12 tests in 0.099s\n\nOK"
    },
    {
      "label": "V2P004_OPIA",
      "exit_code": 0,
      "stdout": "",
      "stderr": "............\n----------------------------------------------------------------------\nRan 12 tests in 0.053s\n\nOK"
    },
    {
      "label": "V2P005_EDSANP",
      "exit_code": 0,
      "stdout": "",
      "stderr": "............\n----------------------------------------------------------------------\nRan 12 tests in 0.235s\n\nOK"
    },
    {
      "label": "V2P006_IDASRO",
      "exit_code": 0,
      "stdout": "",
      "stderr": "............\n----------------------------------------------------------------------\nRan 12 tests in 0.009s\n\nOK"
    },
    {
      "label": "V2P007_CPDBE",
      "exit_code": 0,
      "stdout": "",
      "stderr": "............\n----------------------------------------------------------------------\nRan 12 tests in 0.020s\n\nOK"
    },
    {
      "label": "V2P008_TGCARS",
      "exit_code": 0,
      "stdout": "",
      "stderr": "............\n----------------------------------------------------------------------\nRan 12 tests in 0.070s\n\nOK"
    },
    {
      "label": "V2P009_SGMB",
      "exit_code": 0,
      "stdout": "",
      "stderr": "............\n----------------------------------------------------------------------\nRan 12 tests in 0.018s\n\nOK"
    },
    {
      "label": "V2P010_SCSPIA",
      "exit_code": 0,
      "stdout": "",
      "stderr": "............\n----------------------------------------------------------------------\nRan 12 tests in 0.108s\n\nOK"
    },
    {
      "label": "V2P011_BIVCP",
      "exit_code": 0,
      "stdout": "",
      "stderr": "............\n----------------------------------------------------------------------\nRan 12 tests in 0.001s\n\nOK"
    },
    {
      "label": "V2P012_SARCP",
      "exit_code": 0,
      "stdout": "",
      "stderr": "............\n----------------------------------------------------------------------\nRan 12 tests in 0.001s\n\nOK"
    },
    {
      "label": "V2P013_CADRE",
      "exit_code": 0,
      "stdout": "",
      "stderr": "............\n----------------------------------------------------------------------\nRan 12 tests in 0.002s\n\nOK"
    },
    {
      "label": "r12_closure_updated",
      "exit_code": 0,
      "stdout": "",
      "stderr": ".................\n----------------------------------------------------------------------\nRan 17 tests in 4.944s\n\nOK"
    }
  ]
}
