=== test_r12_closure ===
.................
----------------------------------------------------------------------
Ran 17 tests in 4.946s

OK
=== test_core_v2 ===
.....
----------------------------------------------------------------------
Ran 5 tests in 0.001s

OK
=== test_core_v2_foundry_integration ===
...........
----------------------------------------------------------------------
Ran 11 tests in 0.110s

OK
=== test_lab_search_engine ===
.......
----------------------------------------------------------------------
Ran 7 tests in 0.045s

OK
=== test_search_corpus_integration ===
..
----------------------------------------------------------------------
Ran 2 tests in 1.622s

OK
=== test_relevance_learning ===
........
----------------------------------------------------------------------
Ran 8 tests in 0.005s

OK
=== test_experiment_selector ===
..........
----------------------------------------------------------------------
Ran 10 tests in 0.003s

OK
=== test_experiment_telemetry ===
........
----------------------------------------------------------------------
Ran 8 tests in 0.006s

OK
